ESP-ROM:esp32s3-20210327
Build:Mar 27 2021
rst:0x1 (POWERON),boot:0x8 (SPI_FAST_FLASH_BOOT)
SPIWP:0xee
mode:DIO, clock div:1
load:0x3fce2810,len:0x15a0
load:0x403c8700,len:0x4
load:0x403c8704,len:0xd20
load:0x403cb700,len:0x2f00
entry 0x403c8928
I (27) boot: ESP-IDF v5.4.1 2nd stage bootloader
I (27) boot: compile time Apr 29 2026 08:25:16
I (27) boot: Multicore bootloader
I (27) boot: chip revision: v0.2
I (30) boot: efuse block revision: v1.4
I (33) boot.esp32s3: Boot SPI Speed : 80MHz
I (37) boot.esp32s3: SPI Mode       : DIO
I (41) boot.esp32s3: SPI Flash Size : 2MB
I (45) boot: Enabling RNG early entropy source...
I (49) boot: Partition Table:
I (52) boot: ## Label            Usage          Type ST Offset   Length
I (58) boot:  0 nvs              WiFi data        01 02 00009000 00006000
I (65) boot:  1 phy_init         RF data          01 01 0000f000 00001000
I (71) boot:  2 factory          factory app      00 00 00010000 00100000
I (78) boot: End of partition table
I (81) esp_image: segment 0: paddr=00010020 vaddr=3c090020 size=1ac00h (109568) map
I (108) esp_image: segment 1: paddr=0002ac28 vaddr=3fc99c00 size=04b6ch ( 19308) load
I (112) esp_image: segment 2: paddr=0002f79c vaddr=40374000 size=0087ch (  2172) load
I (113) esp_image: segment 3: paddr=00030020 vaddr=42000020 size=85430h (545840) map
I (215) esp_image: segment 4: paddr=000b5458 vaddr=4037487c size=1532ch ( 86828) load
I (239) esp_image: segment 5: paddr=000ca78c vaddr=600fe100 size=0001ch (    28) load
I (248) boot: Loaded app from partition at offset 0x10000
I (248) boot: Disabling RNG early entropy source...
I (258) cpu_start: Multicore app
I (268) cpu_start: Pro cpu start user code
I (268) cpu_start: cpu freq: 160000000 Hz
I (268) app_init: Application information:
I (268) app_init: Project name:     wdap_frontend_a
I (272) app_init: App version:      c79be88-dirty
I (277) app_init: Compile time:     Apr 29 2026 08:23:56
I (282) app_init: ELF file SHA256:  cfde03857...
I (286) app_init: ESP-IDF:          v5.4.1
I (290) efuse_init: Min chip rev:     v0.0
I (294) efuse_init: Max chip rev:     v0.99 
I (298) efuse_init: Chip rev:         v0.2
I (302) heap_init: Initializing. RAM available for dynamic allocation:
I (308) heap_init: At 3FCA3238 len 000464D8 (281 KiB): RAM
I (313) heap_init: At 3FCE9710 len 00005724 (21 KiB): RAM
I (318) heap_init: At 3FCF0000 len 00008000 (32 KiB): DRAM
I (323) heap_init: At 600FE11C len 00001ECC (7 KiB): RTCRAM
I (330) spi_flash: detected chip: boya
I (332) spi_flash: flash io: dio
W (335) spi_flash: Detected size(8192k) larger than the size in the binary image header(2048k). Using the size in the binary image header.
I (348) sleep_gpio: Configure to isolate all GPIO pins in sleep state
I (354) sleep_gpio: Enable automatic switching of GPIO sleep configuration
I (361) main_task: Started on CPU0
I (380) main_task: Calling app_main()
I (400) pp: pp rom version: e7ae62f
I (400) net80211: net80211 rom version: e7ae62f
I (402) wifi:wifi driver task: 3fcae2f8, prio:23, stack:6656, core=0
I (413) wifi:wifi firmware version: 79fa3f41ba
I (413) wifi:wifi certification version: v7.0
I (414) wifi:config NVS flash: enabled
I (414) wifi:config nano formatting: disabled
I (418) wifi:Init data frame dynamic rx buffer num: 32
I (423) wifi:Init static rx mgmt buffer num: 5
I (427) wifi:Init management short buffer num: 32
I (432) wifi:Init dynamic tx buffer num: 32
I (436) wifi:Init static tx FG buffer num: 2
I (440) wifi:Init static rx buffer size: 1600
I (444) wifi:Init static rx buffer num: 10
I (448) wifi:Init dynamic rx buffer num: 32
I (452) wifi_init: rx ba win: 6
I (454) wifi_init: accept mbox: 6
I (457) wifi_init: tcpip mbox: 32
I (460) wifi_init: udp mbox: 6
I (463) wifi_init: tcp mbox: 6
I (466) wifi_init: tcp tx win: 5760
I (469) wifi_init: tcp rx win: 5760
I (472) wifi_init: tcp mss: 1440
I (475) wifi_init: WiFi IRAM OP enabled
I (479) wifi_init: WiFi RX IRAM OP enabled
I (483) phy_init: phy_version 700,8582a7fd,Feb 10 2025,20:13:11
I (530) wifi:mode : sta (20:6e:f1:d6:01:a8)
I (531) wifi:enable tsf
I (532) wifi:Set ps type: 0, coexist: 0

I (534) wifi:enable tsf
I (536) wdap_transport: frontend_a Wi-Fi STA init ok, sta_mac=20:6e:f1:d6:01:a8 peer_mac=20:6e:f1:d6:02:d0 channel=6
I (543) ESPNOW: espnow [version: 2.0] init
I (546) wdap_transport: esp_now_add_peer ok peer=20:6e:f1:d6:02:d0 channel=6 mtu=218 rate=MCS4_SGI
I (555) tusb_desc: 
┌─────────────────────────────────┐
│  USB Device Descriptor Summary  │
├───────────────────┬─────────────┤
│bDeviceClass       │ 0           │
├───────────────────┼─────────────┤
│bDeviceSubClass    │ 0           │
├───────────────────┼─────────────┤
│bDeviceProtocol    │ 0           │
├───────────────────┼─────────────┤
│bMaxPacketSize0    │ 64          │
├───────────────────┼─────────────┤
│idVendor           │ 0xd28       │
├───────────────────┼─────────────┤
│idProduct          │ 0x204       │
├───────────────────┼─────────────┤
│bcdDevice          │ 0x101       │
├───────────────────┼─────────────┤
│iManufacturer      │ 0x1         │
├───────────────────┼─────────────┤
│iProduct           │ 0x2         │
├───────────────────┼─────────────┤
│iSerialNumber      │ 0x3         │
├───────────────────┼─────────────┤
│bNumConfigurations │ 0x1         │
└───────────────────┴─────────────┘
I (722) TinyUSB: TinyUSB Driver installed on port 0
I (726) usb_dap_frontend: USB CMSIS-DAP v2 vendor initialized, dap_packet=512 hid_fallback=0
I (735) frontend_a: frontend_a ready
I (736) frontend_a: PING/PONG ok
I (740) wdap_transport: stats tx_frames=2 rx_frames=2 tx_msg=1 rx_msg=1 ack_rx=1 ack_tx=1 nack_rx=0 nack_tx=0 retries=0 timeouts=0 crc=0 dup=0 reasm=0 send_fail=0
I (755) main_task: Returned from app_main()
I (5781) frontend_a: PING/PONG ok
I (5782) wdap_transport: stats tx_frames=4 rx_frames=4 tx_msg=2 rx_msg=2 ack_rx=2 ack_tx=2 nack_rx=0 nack_tx=0 retries=0 timeouts=0 crc=0 dup=0 reasm=0 send_fail=0
