I (139361) backend_b: DAP type=1 len=2 cmd=0x00 b1=02 b2=00 b3=00 rsp_len=21 r0=00 r1=13 r2=57 r3=69
I (139364) backend_b: DAP type=1 len=2 cmd=0x00 b1=03 b2=00 b3=00 rsp_len=18 r0=00 r1=10 r2=57 r3=44
I (139370) backend_b: DAP type=1 len=2 cmd=0x00 b1=04 b2=00 b3=00 rsp_len=8 r0=00 r1=06 r2=32 r3=2e
I (139382) backend_b: DAP type=1 len=2 cmd=0x00 b1=f0 b2=00 b3=00 rsp_len=3 r0=00 r1=01 r2=31 r3=00
I (139388) backend_b: DAP type=1 len=2 cmd=0x00 b1=01 b2=00 b3=00 rsp_len=9 r0=00 r1=07 r2=4f r3=70
I (139397) backend_b: DAP type=1 len=2 cmd=0x00 b1=02 b2=00 b3=00 rsp_len=21 r0=00 r1=13 r2=57 r3=69
I (139412) backend_b: DAP type=1 len=2 cmd=0x00 b1=ff b2=00 b3=00 rsp_len=4 r0=00 r1=02 r2=00 r3=02
I (139417) backend_b: DAP type=1 len=2 cmd=0x00 b1=fe b2=00 b3=00 rsp_len=3 r0=00 r1=01 r2=08 r3=00
I (139422) backend_b: DAP type=1 len=2 cmd=0x00 b1=f0 b2=00 b3=00 rsp_len=3 r0=00 r1=01 r2=31 r3=00
I (139435) backend_b: DAP type=1 len=2 cmd=0x02 b1=01 b2=00 b3=00 rsp_len=2 r0=02 r1=01 r2=00 r3=00
I (139456) backend_b: DAP type=1 len=5 cmd=0x11 b1=80 b2=96 b3=98 rsp_len=2 r0=11 r1=00 r2=00 r3=00
I (139458) backend_b: DAP type=1 len=6 cmd=0x04 b1=00 b2=64 b3=00 rsp_len=2 r0=04 r1=00 r2=00 r3=00
I (139465) backend_b: DAP type=1 len=2 cmd=0x13 b1=00 b2=00 b3=00 rsp_len=2 r0=13 r1=00 r2=00 r3=00
I (139473) backend_b: DAP type=1 len=3 cmd=0x01 b1=00 b2=01 b3=00 rsp_len=2 r0=01 r1=00 r2=00 r3=00
I (139484) backend_b: DAP type=1 len=9 cmd=0x12 b1=33 b2=ff b3=ff rsp_len=2 r0=12 r1=00 r2=00 r3=00
I (139491) backend_b: DAP type=1 len=4 cmd=0x12 b1=10 b2=9e b3=e7 rsp_len=2 r0=12 r1=00 r2=00 r3=00
I (139500) backend_b: DAP type=1 len=9 cmd=0x12 b1=33 b2=ff b3=ff rsp_len=2 r0=12 r1=00 r2=00 r3=00
I (139509) backend_b: DAP type=1 len=3 cmd=0x12 b1=08 b2=00 b3=00 rsp_len=2 r0=12 r1=00 r2=00 r3=00
I (139517) backend_b: DAP type=1 len=4 cmd=0x05 b1=00 b2=01 b3=02 rsp_len=7 r0=05 r1=01 r2=01 r3=77
I (139530) backend_b: DAP type=1 len=3 cmd=0x12 b1=08 b2=00 b3=00 rsp_len=2 r0=12 r1=00 r2=00 r3=00
I (139535) backend_b: DAP type=1 len=4 cmd=0x05 b1=00 b2=01 b3=02 rsp_len=7 r0=05 r1=01 r2=01 r3=77
I (139544) backend_b: DAP batch[1/1] len=8 cmd=0x05 b1=00 b2=01 b3=04 rsp_len=3 r0=05 r1=01 r2=01 r3=00
I (139551) backend_b: DAP type=1 len=4 cmd=0x05 b1=00 b2=01 b3=06 rsp_len=7 r0=05 r1=01 r2=01 r3=40
I (139564) backend_b: DAP type=1 len=6 cmd=0x08 b1=00 b2=1e b3=00 rsp_len=2 r0=08 r1=00 r2=00 r3=00
I (139574) backend_b: DAP batch[1/3] len=8 cmd=0x05 b1=00 b2=01 b3=04 rsp_len=3 r0=05 r1=01 r2=01 r3=00
I (139578) backend_b: DAP batch[2/3] len=8 cmd=0x05 b1=00 b2=01 b3=08 rsp_len=3 r0=05 r1=01 r2=01 r3=00
I (139587) backend_b: DAP batch[3/3] len=8 cmd=0x05 b1=00 b2=01 b3=08 rsp_len=3 r0=05 r1=01 r2=01 r3=00
I (139596) backend_b: DAP type=1 len=4 cmd=0x05 b1=00 b2=01 b3=0f rsp_len=7 r0=05 r1=01 r2=01 r3=01
I (139607) backend_b: DAP batch[1/1] len=8 cmd=0x05 b1=00 b2=01 b3=08 rsp_len=3 r0=05 r1=01 r2=01 r3=00
I (139614) backend_b: DAP type=1 len=4 cmd=0x05 b1=00 b2=01 b3=03 rsp_len=7 r0=05 r1=01 r2=01 r3=52
I (139627) backend_b: DAP batch[1/1] len=8 cmd=0x05 b1=00 b2=01 b3=01 rsp_len=3 r0=05 r1=01 r2=01 r3=00
I (139635) backend_b: DAP type=1 len=4 cmd=0x05 b1=00 b2=01 b3=03 rsp_len=7 r0=05 r1=01 r2=01 r3=60
I (139643) backend_b: DAP batch[1/1] len=8 cmd=0x05 b1=00 b2=01 b3=01 rsp_len=3 r0=05 r1=01 r2=01 r3=00
I (139649) backend_b: DAP type=1 len=4 cmd=0x05 b1=00 b2=01 b3=03 rsp_len=7 r0=05 r1=01 r2=01 r3=61
I (139661) backend_b: DAP batch[1/2] len=8 cmd=0x05 b1=00 b2=01 b3=01 rsp_len=3 r0=05 r1=01 r2=01 r3=00
I (139667) backend_b: DAP batch[2/2] len=8 cmd=0x05 b1=00 b2=01 b3=08 rsp_len=3 r0=05 r1=01 r2=01 r3=00
I (139676) backend_b: DAP type=1 len=4 cmd=0x05 b1=00 b2=01 b3=0b rsp_len=7 r0=05 r1=01 r2=01 r3=03
I (139690) backend_b: DAP type=1 len=4 cmd=0x05 b1=00 b2=01 b3=0f rsp_len=7 r0=05 r1=01 r2=01 r3=02
I (139697) backend_b: DAP batch[1/3] len=8 cmd=0x05 b1=00 b2=01 b3=08 rsp_len=3 r0=05 r1=01 r2=01 r3=00
I (139703) backend_b: DAP batch[2/3] len=8 cmd=0x05 b1=00 b2=01 b3=01 rsp_len=3 r0=05 r1=01 r2=01 r3=00
I (139712) backend_b: DAP batch[3/3] len=8 cmd=0x05 b1=00 b2=01 b3=05 rsp_len=3 r0=05 r1=01 r2=01 r3=00
I (139721) backend_b: DAP type=1 len=5 cmd=0x06 b1=00 b2=01 b3=00 rsp_len=8 r0=06 r1=01 r2=00 r3=01
I (139732) backend_b: DAP type=1 len=4 cmd=0x05 b1=00 b2=01 b3=06 rsp_len=7 r0=05 r1=01 r2=01 r3=40
I (139743) backend_b: DAP batch[1/1] len=8 cmd=0x05 b1=00 b2=01 b3=05 rsp_len=3 r0=05 r1=01 r2=01 r3=00
I (139748) backend_b: DAP type=1 len=5 cmd=0x06 b1=00 b2=01 b3=00 rsp_len=8 r0=06 r1=01 r2=00 r3=01
I (139770) backend_b: DAP type=1 len=4 cmd=0x05 b1=00 b2=01 b3=06 rsp_len=7 r0=05 r1=01 r2=01 r3=40
I (139780) backend_b: DAP batch[1/1] len=8 cmd=0x05 b1=00 b2=01 b3=05 rsp_len=3 r0=05 r1=01 r2=01 r3=00
I (139783) backend_b: DAP type=1 len=5 cmd=0x06 b1=00 b2=01 b3=00 rsp_len=8 r0=06 r1=01 r2=00 r3=01
I (139815) backend_b: DAP type=1 len=4 cmd=0x05 b1=00 b2=01 b3=06 rsp_len=7 r0=05 r1=01 r2=01 r3=40
I (139839) backend_b: DAP batch[1/2] len=8 cmd=0x05 b1=00 b2=01 b3=05 rsp_len=3 r0=05 r1=01 r2=01 r3=00
I (139839) backend_b: DAP batch[2/2] len=9 cmd=0x06 b1=00 b2=01 b3=00 rsp_len=4 r0=06 r1=01 r2=00 r3=01
I (139846) backend_b: DAP type=1 len=4 cmd=0x05 b1=00 b2=01 b3=06 rsp_len=7 r0=05 r1=01 r2=01 r3=40
I (139875) backend_b: DAP batch[1/2] len=8 cmd=0x05 b1=00 b2=01 b3=05 rsp_len=3 r0=05 r1=01 r2=01 r3=00
I (139876) backend_b: DAP batch[2/2] len=9 cmd=0x06 b1=00 b2=01 b3=00 rsp_len=4 r0=06 r1=01 r2=00 r3=01
I (139883) backend_b: DAP type=1 len=4 cmd=0x05 b1=00 b2=01 b3=06 rsp_len=7 r0=05 r1=01 r2=01 r3=40
I (139900) backend_b: DAP batch[1/2] len=8 cmd=0x05 b1=00 b2=01 b3=05 rsp_len=3 r0=05 r1=01 r2=01 r3=00
I (139901) backend_b: DAP batch[2/2] len=9 cmd=0x06 b1=00 b2=01 b3=00 rsp_len=4 r0=06 r1=01 r2=00 r3=01
I (139910) backend_b: DAP type=1 len=4 cmd=0x05 b1=00 b2=01 b3=06 rsp_len=7 r0=05 r1=01 r2=01 r3=40
I (139923) backend_b: DAP batch[1/2] len=8 cmd=0x05 b1=00 b2=01 b3=05 rsp_len=3 r0=05 r1=01 r2=01 r3=00
I (139928) backend_b: DAP batch[2/2] len=9 cmd=0x06 b1=00 b2=01 b3=00 rsp_len=4 r0=06 r1=01 r2=00 r3=01
I (139937) backend_b: DAP type=1 len=4 cmd=0x05 b1=00 b2=01 b3=06 rsp_len=7 r0=05 r1=01 r2=01 r3=40
I (139949) backend_b: DAP batch[1/2] len=8 cmd=0x05 b1=00 b2=01 b3=05 rsp_len=3 r0=05 r1=01 r2=01 r3=00
I (139955) backend_b: DAP batch[2/2] len=9 cmd=0x06 b1=00 b2=01 b3=00 rsp_len=4 r0=06 r1=01 r2=00 r3=01
I (139964) backend_b: DAP type=1 len=4 cmd=0x05 b1=00 b2=01 b3=06 rsp_len=7 r0=05 r1=01 r2=01 r3=40
I (139984) backend_b: DAP batch[1/2] len=8 cmd=0x05 b1=00 b2=01 b3=05 rsp_len=3 r0=05 r1=01 r2=01 r3=00
I (139985) backend_b: DAP batch[2/2] len=9 cmd=0x06 b1=00 b2=01 b3=00 rsp_len=4 r0=06 r1=01 r2=00 r3=01
I (139995) backend_b: DAP type=1 len=4 cmd=0x05 b1=00 b2=01 b3=06 rsp_len=7 r0=05 r1=01 r2=01 r3=40
I (140003) backend_b: DAP batch[1/1] len=8 cmd=0x05 b1=00 b2=01 b3=08 rsp_len=3 r0=05 r1=01 r2=01 r3=00
I (140010) backend_b: DAP type=1 len=4 cmd=0x05 b1=00 b2=01 b3=0b rsp_len=7 r0=05 r1=01 r2=01 r3=03
I (140021) backend_b: DAP batch[1/3] len=8 cmd=0x05 b1=00 b2=01 b3=08 rsp_len=3 r0=05 r1=01 r2=01 r3=00
I (140028) backend_b: DAP batch[2/3] len=8 cmd=0x05 b1=00 b2=01 b3=01 rsp_len=3 r0=05 r1=01 r2=01 r3=00
I (140037) backend_b: DAP batch[3/3] len=8 cmd=0x05 b1=00 b2=01 b3=05 rsp_len=3 r0=05 r1=01 r2=01 r3=00
I (140046) backend_b: DAP type=1 len=5 cmd=0x06 b1=00 b2=01 b3=00 rsp_len=8 r0=06 r1=01 r2=00 r3=01
I (140057) backend_b: DAP type=1 len=4 cmd=0x05 b1=00 b2=01 b3=06 rsp_len=7 r0=05 r1=01 r2=01 r3=40
I (140066) backend_b: DAP batch[1/1] len=8 cmd=0x05 b1=00 b2=01 b3=05 rsp_len=3 r0=05 r1=01 r2=01 r3=00
I (140073) backend_b: DAP type=1 len=5 cmd=0x06 b1=00 b2=01 b3=00 rsp_len=8 r0=06 r1=01 r2=00 r3=01
I (140083) backend_b: DAP type=1 len=4 cmd=0x05 b1=00 b2=01 b3=06 rsp_len=7 r0=05 r1=01 r2=01 r3=40
I (140099) backend_b: DAP batch[1/2] len=8 cmd=0x05 b1=00 b2=01 b3=08 rsp_len=3 r0=05 r1=01 r2=01 r3=00
I (140099) backend_b: DAP batch[2/2] len=8 cmd=0x05 b1=00 b2=01 b3=01 rsp_len=3 r0=05 r1=01 r2=01 r3=00
I (140108) backend_b: DAP type=1 len=9 cmd=0x05 b1=00 b2=02 b3=05 rsp_len=7 r0=05 r1=02 r2=01 r3=00
I (140119) backend_b: DAP batch[1/1] len=8 cmd=0x05 b1=00 b2=01 b3=08 rsp_len=3 r0=05 r1=01 r2=01 r3=00
I (140126) backend_b: DAP type=1 len=9 cmd=0x05 b1=00 b2=02 b3=05 rsp_len=7 r0=05 r1=02 r2=01 r3=00
I (140137) backend_b: DAP batch[1/2] len=8 cmd=0x05 b1=00 b2=01 b3=08 rsp_len=3 r0=05 r1=01 r2=01 r3=00
I (140144) backend_b: DAP batch[2/2] len=13 cmd=0x05 b1=00 b2=02 b3=05 rsp_len=3 r0=05 r1=02 r2=01 r3=00
I (140153) backend_b: DAP type=1 len=9 cmd=0x05 b1=00 b2=02 b3=05 rsp_len=7 r0=05 r1=02 r2=01 r3=71
I (140164) backend_b: DAP type=1 len=9 cmd=0x05 b1=00 b2=02 b3=05 rsp_len=7 r0=05 r1=02 r2=01 r3=21
I (140174) backend_b: DAP batch[1/1] len=8 cmd=0x05 b1=00 b2=01 b3=01 rsp_len=3 r0=05 r1=01 r2=01 r3=00
I (140180) backend_b: DAP type=1 len=9 cmd=0x05 b1=00 b2=02 b3=05 rsp_len=7 r0=05 r1=02 r2=01 r3=03
I (140200) backend_b: DAP type=1 len=4 cmd=0x05 b1=00 b2=01 b3=06 rsp_len=7 r0=05 r1=01 r2=01 r3=40
I (140202) backend_b: DAP type=1 len=9 cmd=0x05 b1=00 b2=02 b3=05 rsp_len=7 r0=05 r1=02 r2=01 r3=03
I (140209) backend_b: DAP batch[1/2] len=13 cmd=0x05 b1=00 b2=02 b3=05 rsp_len=3 r0=05 r1=02 r2=01 r3=00
I (140216) backend_b: DAP batch[2/2] len=13 cmd=0x05 b1=00 b2=02 b3=05 rsp_len=3 r0=05 r1=02 r2=01 r3=00
I (140225) backend_b: DAP type=1 len=9 cmd=0x05 b1=00 b2=02 b3=05 rsp_len=7 r0=05 r1=02 r2=01 r3=03
I (140236) backend_b: DAP batch[1/1] len=13 cmd=0x05 b1=00 b2=02 b3=05 rsp_len=3 r0=05 r1=02 r2=01 r3=00
I (140243) backend_b: DAP type=1 len=9 cmd=0x05 b1=00 b2=02 b3=05 rsp_len=7 r0=05 r1=02 r2=01 r3=00
I (140255) backend_b: DAP type=1 len=9 cmd=0x05 b1=00 b2=02 b3=05 rsp_len=7 r0=05 r1=02 r2=01 r3=80
I (140262) backend_b: DAP type=1 len=9 cmd=0x05 b1=00 b2=02 b3=05 rsp_len=7 r0=05 r1=02 r2=01 r3=01
I (140271) backend_b: DAP batch[1/1] len=13 cmd=0x05 b1=00 b2=02 b3=05 rsp_len=3 r0=05 r1=02 r2=01 r3=00
I (140279) backend_b: DAP type=1 len=9 cmd=0x05 b1=00 b2=02 b3=05 rsp_len=7 r0=05 r1=02 r2=01 r3=1f
I (140290) backend_b: DAP batch[1/2] len=13 cmd=0x05 b1=00 b2=02 b3=05 rsp_len=3 r0=05 r1=02 r2=01 r3=00
I (140297) backend_b: DAP batch[2/2] len=13 cmd=0x05 b1=00 b2=02 b3=05 rsp_len=3 r0=05 r1=02 r2=01 r3=00
I (140306) backend_b: DAP type=1 len=9 cmd=0x05 b1=00 b2=02 b3=05 rsp_len=7 r0=05 r1=02 r2=01 r3=00
I (140316) backend_b: DAP batch[1/1] len=13 cmd=0x05 b1=00 b2=02 b3=05 rsp_len=3 r0=05 r1=02 r2=01 r3=00
I (140324) backend_b: DAP type=1 len=9 cmd=0x05 b1=00 b2=02 b3=05 rsp_len=7 r0=05 r1=02 r2=01 r3=80
I (140335) backend_b: DAP batch[1/2] len=13 cmd=0x05 b1=00 b2=02 b3=05 rsp_len=3 r0=05 r1=02 r2=01 r3=00
I (140342) backend_b: DAP batch[2/2] len=13 cmd=0x05 b1=00 b2=02 b3=05 rsp_len=3 r0=05 r1=02 r2=01 r3=00
I (140351) backend_b: DAP type=1 len=9 cmd=0x05 b1=00 b2=02 b3=05 rsp_len=7 r0=05 r1=02 r2=01 r3=00
I (140363) backend_b: DAP batch[1/1] len=13 cmd=0x05 b1=00 b2=02 b3=05 rsp_len=3 r0=05 r1=02 r2=01 r3=00
I (140369) backend_b: DAP type=1 len=9 cmd=0x05 b1=00 b2=02 b3=05 rsp_len=7 r0=05 r1=02 r2=01 r3=00
I (140380) backend_b: DAP batch[1/2] len=13 cmd=0x05 b1=00 b2=02 b3=05 rsp_len=3 r0=05 r1=02 r2=01 r3=00
I (140387) backend_b: DAP batch[2/2] len=13 cmd=0x05 b1=00 b2=02 b3=05 rsp_len=3 r0=05 r1=02 r2=01 r3=00
I (140396) backend_b: DAP type=1 len=9 cmd=0x05 b1=00 b2=02 b3=05 rsp_len=7 r0=05 r1=02 r2=01 r3=00
I (140407) backend_b: DAP batch[1/1] len=13 cmd=0x05 b1=00 b2=02 b3=05 rsp_len=3 r0=05 r1=02 r2=01 r3=00
I (140414) backend_b: DAP type=1 len=9 cmd=0x05 b1=00 b2=02 b3=05 rsp_len=7 r0=05 r1=02 r2=01 r3=00
I (140425) backend_b: DAP batch[1/2] len=13 cmd=0x05 b1=00 b2=02 b3=05 rsp_len=3 r0=05 r1=02 r2=01 r3=00
I (140432) backend_b: DAP batch[2/2] len=13 cmd=0x05 b1=00 b2=02 b3=05 rsp_len=3 r0=05 r1=02 r2=01 r3=00
I (140441) backend_b: DAP type=1 len=9 cmd=0x05 b1=00 b2=02 b3=05 rsp_len=7 r0=05 r1=02 r2=01 r3=00
I (140452) backend_b: DAP batch[1/1] len=13 cmd=0x05 b1=00 b2=02 b3=05 rsp_len=3 r0=05 r1=02 r2=01 r3=00
I (140459) backend_b: DAP type=1 len=9 cmd=0x05 b1=00 b2=02 b3=05 rsp_len=7 r0=05 r1=02 r2=01 r3=00
I (140478) backend_b: DAP batch[1/3] len=13 cmd=0x05 b1=00 b2=02 b3=05 rsp_len=3 r0=05 r1=02 r2=01 r3=00
I (140478) backend_b: DAP batch[2/3] len=13 cmd=0x05 b1=00 b2=02 b3=05 rsp_len=3 r0=05 r1=02 r2=01 r3=00
I (140486) backend_b: DAP batch[3/3] len=13 cmd=0x05 b1=00 b2=02 b3=05 rsp_len=3 r0=05 r1=02 r2=01 r3=00
I (140495) backend_b: DAP batch[1/3] len=13 cmd=0x05 b1=00 b2=02 b3=05 rsp_len=3 r0=05 r1=02 r2=01 r3=00
I (140505) backend_b: DAP batch[2/3] len=13 cmd=0x05 b1=00 b2=02 b3=05 rsp_len=3 r0=05 r1=02 r2=01 r3=00
I (140514) backend_b: DAP batch[3/3] len=13 cmd=0x05 b1=00 b2=02 b3=05 rsp_len=3 r0=05 r1=02 r2=01 r3=00
I (140523) backend_b: DAP type=1 len=9 cmd=0x05 b1=00 b2=02 b3=05 rsp_len=7 r0=05 r1=02 r2=01 r3=04
I (140614) wdap_transport: stats tx_frames=69 rx_frames=104 tx_msg=68 rx_msg=103 ack_rx=1 ack_tx=1 nack_rx=0 nack_tx=0 retries=0 timeouts=0 crc=0 dup=0 reasm=0 send_fail=0
I (150618) wdap_transport: stats tx_frames=69 rx_frames=104 tx_msg=68 rx_msg=103 ack_rx=1 ack_tx=1 nack_rx=0 nack_tx=0 retries=0 timeouts=0 crc=0 dup=0 reasm=0 send_fail=0
I (160622) wdap_transport: stats tx_frames=69 rx_frames=104 tx_msg=68 rx_msg=103 ack_rx=1 ack_tx=1 nack_rx=0 nack_tx=0 retries=0 timeouts=0 crc=0 dup=0 reasm=0 send_fail=0

