ESP-ROM:esp32s3-20210327
Build:Mar 27 2021
rst:0x1 (POWERON),boot:0x8 (SPI_FAST_FLASH_BOOT)
SPIWP:0xee
mode:DIO, clock div:1
load:0x3fce2810,len:0x11f0
load:0x403c8700,len:0x4
load:0x403c8704,len:0xcdc
load:0x403cb700,len:0x2db0
entry 0x403c8910
I (27) boot: ESP-IDF v5.4.1 2nd stage bootloader
I (27) boot: compile time Apr 29 2026 09:26:48
I (27) boot: Multicore bootloader
I (27) boot: chip revision: v0.2
I (30) boot: efuse block revision: v1.4
I (33) boot.esp32s3: Boot SPI Speed : 80MHz
I (37) boot.esp32s3: SPI Mode       : DIO
I (41) boot.esp32s3: SPI Flash Size : 2MB
I (45) boot: Enabling RNG early entropy source...
I (49) boot: Partition Table:
I (52) boot: ## Label            Usage          Type ST Offset   Length
I (58) boot:  0 nvs              WiFi data        01 02 00009000 00006000
I (65) boot:  1 phy_init         RF data          01 01 0000f000 00001000
I (71) boot:  2 factory          factory app      00 00 00010000 00100000
I (78) boot: End of partition table
I (81) esp_image: segment 0: paddr=00010020 vaddr=3c090020 size=12b98h ( 76696) map
I (102) esp_image: segment 1: paddr=00022bc0 vaddr=3fc97300 size=04290h ( 17040) load
I (106) esp_image: segment 2: paddr=00026e58 vaddr=40374000 size=091c0h ( 37312) load
I (114) esp_image: segment 3: paddr=00030020 vaddr=42000020 size=804dch (525532) map
I (207) esp_image: segment 4: paddr=000b0504 vaddr=4037d1c0 size=0a0f8h ( 41208) load
I (221) esp_image: segment 5: paddr=000ba604 vaddr=600fe100 size=0001ch (    28) load
I (229) boot: Loaded app from partition at offset 0x10000
I (229) boot: Disabling RNG early entropy source...
I (239) cpu_start: Multicore app
I (248) cpu_start: Pro cpu start user code
I (248) cpu_start: cpu freq: 240000000 Hz
I (248) app_init: Application information:
I (248) app_init: Project name:     wdap_frontend_a
I (253) app_init: App version:      7290735-dirty
I (257) app_init: Compile time:     Apr 29 2026 19:12:33
I (262) app_init: ELF file SHA256:  c57f958a9...
I (267) app_init: ESP-IDF:          v5.4.1
I (271) efuse_init: Min chip rev:     v0.0
I (274) efuse_init: Max chip rev:     v0.99 
I (278) efuse_init: Chip rev:         v0.2
I (282) heap_init: Initializing. RAM available for dynamic allocation:
I (289) heap_init: At 3FCA0BD8 len 00048B38 (290 KiB): RAM
I (294) heap_init: At 3FCE9710 len 00005724 (21 KiB): RAM
I (299) heap_init: At 3FCF0000 len 00008000 (32 KiB): DRAM
I (304) heap_init: At 600FE11C len 00001ECC (7 KiB): RTCRAM
I (310) spi_flash: detected chip: boya
I (313) spi_flash: flash io: dio
W (316) spi_flash: Detected size(8192k) larger than the size in the binary image header(2048k). Using the size in the binary image header.
I (328) sleep_gpio: Configure to isolate all GPIO pins in sleep state
I (334) sleep_gpio: Enable automatic switching of GPIO sleep configuration
I (341) main_task: Started on CPU0
I (360) main_task: Calling app_main()
I (373) pp: pp rom version: e7ae62f
I (373) net80211: net80211 rom version: e7ae62f
I (375) wifi:wifi driver task: 3fcabc98, prio:23, stack:6656, core=0
I (382) wifi:wifi firmware version: 79fa3f41ba
I (382) wifi:wifi certification version: v7.0
I (384) wifi:config NVS flash: enabled
I (387) wifi:config nano formatting: disabled
I (391) wifi:Init data frame dynamic rx buffer num: 32
I (396) wifi:Init static rx mgmt buffer num: 5
I (400) wifi:Init management short buffer num: 32
I (405) wifi:Init dynamic tx buffer num: 32
I (409) wifi:Init static tx FG buffer num: 2
I (413) wifi:Init static rx buffer size: 1600
I (417) wifi:Init static rx buffer num: 10
I (420) wifi:Init dynamic rx buffer num: 32
I (425) wifi_init: rx ba win: 6
I (427) wifi_init: accept mbox: 6
I (430) wifi_init: tcpip mbox: 32
I (433) wifi_init: udp mbox: 6
I (436) wifi_init: tcp mbox: 6
I (439) wifi_init: tcp tx win: 5760
I (442) wifi_init: tcp rx win: 5760
I (445) wifi_init: tcp mss: 1440
I (448) wifi_init: WiFi IRAM OP enabled
I (452) wifi_init: WiFi RX IRAM OP enabled
I (456) phy_init: phy_version 700,8582a7fd,Feb 10 2025,20:13:11
I (503) wifi:mode : sta (20:6e:f1:d6:01:a8)
I (504) wifi:enable tsf
I (505) wifi:Set ps type: 0, coexist: 0

I (506) wifi:enable tsf
I (509) wdap_transport: frontend_a Wi-Fi STA init ok, sta_mac=20:6e:f1:d6:01:a8 peer_mac=20:6e:f1:d6:02:d0 channel=6
I (516) ESPNOW: espnow [version: 2.0] init
I (519) wdap_transport: esp_now_add_peer ok peer=20:6e:f1:d6:02:d0 channel=6 mtu=1460 rate=MCS7_SGI
I (577) frontend_a: PING/PONG ok; DAP queue now dedicated to Keil
I (578) wdap_transport: stats tx_frames=2 rx_frames=2 tx_msg=1 rx_msg=1 ack_rx=1 ack_tx=1 nack_rx=0 nack_tx=0 retries=0 timeouts=0 crc=0 dup=0 reasm=0 send_fail=0
I (587) tusb_desc: 
┌─────────────────────────────────┐
│  USB Device Descriptor Summary  │
├───────────────────┬─────────────┤
│bDeviceClass       │ 0           │
├───────────────────┼─────────────┤
│bDeviceSubClass    │ 0           │
├───────────────────┼─────────────┤
│bDeviceProtocol    │ 0           │
├───────────────────┼─────────────┤
│bMaxPacketSize0    │ 64          │
├───────────────────┼─────────────┤
│idVendor           │ 0xd28       │
├───────────────────┼─────────────┤
│idProduct          │ 0x204       │
├───────────────────┼─────────────┤
│bcdDevice          │ 0x101       │
├───────────────────┼─────────────┤
│iManufacturer      │ 0x1         │
├───────────────────┼─────────────┤
│iProduct           │ 0x2         │
├───────────────────┼─────────────┤
│iSerialNumber      │ 0x3         │
├───────────────────┼─────────────┤
│bNumConfigurations │ 0x1         │
└───────────────────┴─────────────┘
I (754) TinyUSB: TinyUSB Driver installed on port 0
I (758) usb_dap_frontend: USB CMSIS-DAP HID optimized initialized, dap_packet=512 hid_fallback=1
I (767) frontend_a: frontend_a ready
I (770) main_task: Returned from app_main()
I (938) usb_dap_frontend: USB mounted/configured
I (3805) usb_dap_frontend: USB req ch=1 len=2 cmd=0x00 b1=02 b2=00 b3=00 b4=00 b5=00 b6=00 b7=00
I (3807) usb_dap_frontend: USB req ch=1 len=2 cmd=0x00 b1=00 b2=00 b3=00 b4=00 b5=00 b6=00 b7=00
I (3808) usb_dap_frontend: USB rsp ch=1 len=21 cmd=0x00 b1=13 b2=57 b3=69 b4=72 b5=65 b6=6c b7=65
W (3820) usb_dap_frontend: HID response write failed
I (3826) usb_dap_frontend: USB req ch=1 len=2 cmd=0x00 b1=00 b2=00 b3=00 b4=00 b5=00 b6=00 b7=00
I (3834) usb_dap_frontend: USB req ch=1 len=2 cmd=0x00 b1=00 b2=00 b3=00 b4=00 b5=00 b6=00 b7=00
I (3836) usb_dap_frontend: USB rsp ch=1 len=2 cmd=0x00 b1=00 b2=00 b3=00 b4=00 b5=00 b6=00 b7=00
W (3851) usb_dap_frontend: HID response write failed
I (3856) usb_dap_frontend: USB req ch=1 len=2 cmd=0x00 b1=00 b2=00 b3=00 b4=00 b5=00 b6=00 b7=00
I (3857) usb_dap_frontend: USB rsp ch=1 len=2 cmd=0x00 b1=00 b2=00 b3=00 b4=00 b5=00 b6=00 b7=00
W (3872) usb_dap_frontend: HID response write failed
I (3877) usb_dap_frontend: USB req ch=1 len=2 cmd=0x00 b1=00 b2=00 b3=00 b4=00 b5=00 b6=00 b7=00
I (3879) usb_dap_frontend: USB rsp ch=1 len=2 cmd=0x00 b1=00 b2=00 b3=00 b4=00 b5=00 b6=00 b7=00
W (3894) usb_dap_frontend: HID response write failed
I (3899) usb_dap_frontend: USB req ch=1 len=2 cmd=0x00 b1=00 b2=00 b3=00 b4=00 b5=00 b6=00 b7=00
I (3901) usb_dap_frontend: USB rsp ch=1 len=2 cmd=0x00 b1=00 b2=00 b3=00 b4=00 b5=00 b6=00 b7=00
W (3916) usb_dap_frontend: HID response write failed
I (3921) usb_dap_frontend: USB req ch=1 len=2 cmd=0x00 b1=00 b2=00 b3=00 b4=00 b5=00 b6=00 b7=00
I (3922) usb_dap_frontend: USB rsp ch=1 len=2 cmd=0x00 b1=00 b2=00 b3=00 b4=00 b5=00 b6=00 b7=00
W (3937) usb_dap_frontend: HID response write failed
I (3944) usb_dap_frontend: USB rsp ch=1 len=2 cmd=0x00 b1=00 b2=00 b3=00 b4=00 b5=00 b6=00 b7=00
W (3951) usb_dap_frontend: HID response write failed
I (3957) usb_dap_frontend: USB rsp ch=1 len=2 cmd=0x00 b1=00 b2=00 b3=00 b4=00 b5=00 b6=00 b7=00
W (3964) usb_dap_frontend: HID response write failed
I (4933) usb_dap_frontend: USB req ch=0 len=2 cmd=0x00 b1=02 b2=00 b3=00 b4=00 b5=00 b6=00 b7=00
I (4935) usb_dap_frontend: USB rsp ch=0 len=21 cmd=0x00 b1=13 b2=57 b3=69 b4=72 b5=65 b6=6c b7=65
I (4940) usb_dap_frontend: USB req ch=0 len=2 cmd=0x00 b1=03 b2=00 b3=00 b4=00 b5=00 b6=00 b7=00
I (4950) usb_dap_frontend: USB rsp ch=0 len=15 cmd=0x00 b1=0d b2=57 b3=44 b4=41 b5=50 b6=2d b7=53
I (4979) usb_dap_frontend: USB req ch=0 len=2 cmd=0x00 b1=04 b2=00 b3=00 b4=00 b5=00 b6=00 b7=00
I (4981) usb_dap_frontend: USB rsp ch=0 len=8 cmd=0x00 b1=06 b2=32 b3=2e b4=31 b5=2e b6=30 b7=00
I (4986) usb_dap_frontend: USB req ch=0 len=2 cmd=0x00 b1=f0 b2=00 b3=00 b4=00 b5=00 b6=00 b7=00
I (4996) usb_dap_frontend: USB rsp ch=0 len=3 cmd=0x00 b1=01 b2=31 b3=00 b4=00 b5=00 b6=00 b7=00
I (5003) usb_dap_frontend: USB req ch=0 len=2 cmd=0x00 b1=01 b2=00 b3=00 b4=00 b5=00 b6=00 b7=00
I (5013) usb_dap_frontend: USB rsp ch=0 len=9 cmd=0x00 b1=07 b2=4f b3=70 b4=65 b5=6e b6=41 b7=49
I (5020) usb_dap_frontend: USB req ch=0 len=2 cmd=0x00 b1=02 b2=00 b3=00 b4=00 b5=00 b6=00 b7=00
I (5030) usb_dap_frontend: USB rsp ch=0 len=21 cmd=0x00 b1=13 b2=57 b3=69 b4=72 b5=65 b6=6c b7=65
I (5037) usb_dap_frontend: USB req ch=0 len=2 cmd=0x00 b1=ff b2=00 b3=00 b4=00 b5=00 b6=00 b7=00
I (5047) usb_dap_frontend: USB rsp ch=0 len=4 cmd=0x00 b1=02 b2=00 b3=02 b4=00 b5=00 b6=00 b7=00
I (5054) usb_dap_frontend: USB req ch=0 len=2 cmd=0x00 b1=fe b2=00 b3=00 b4=00 b5=00 b6=00 b7=00
I (5066) usb_dap_frontend: USB rsp ch=0 len=3 cmd=0x00 b1=01 b2=08 b3=00 b4=00 b5=00 b6=00 b7=00
I (5071) usb_dap_frontend: USB req ch=0 len=2 cmd=0x00 b1=f0 b2=00 b3=00 b4=00 b5=00 b6=00 b7=00
I (5081) usb_dap_frontend: USB rsp ch=0 len=3 cmd=0x00 b1=01 b2=31 b3=00 b4=00 b5=00 b6=00 b7=00
I (5088) usb_dap_frontend: USB req ch=0 len=2 cmd=0x02 b1=01 b2=00 b3=00 b4=00 b5=00 b6=00 b7=00
I (5098) usb_dap_frontend: USB rsp ch=0 len=2 cmd=0x02 b1=01 b2=00 b3=00 b4=00 b5=00 b6=00 b7=00
I (5105) usb_dap_frontend: USB req ch=0 len=5 cmd=0x11 b1=80 b2=96 b3=98 b4=00 b5=00 b6=00 b7=00
I (5115) usb_dap_frontend: USB rsp ch=0 len=2 cmd=0x11 b1=00 b2=00 b3=00 b4=00 b5=00 b6=00 b7=00
I (5122) usb_dap_frontend: USB req ch=0 len=6 cmd=0x04 b1=00 b2=64 b3=00 b4=00 b5=00 b6=00 b7=00
I (5132) usb_dap_frontend: USB rsp ch=0 len=2 cmd=0x04 b1=00 b2=00 b3=00 b4=00 b5=00 b6=00 b7=00
I (5139) usb_dap_frontend: USB req ch=0 len=2 cmd=0x13 b1=00 b2=00 b3=00 b4=00 b5=00 b6=00 b7=00
I (5149) usb_dap_frontend: USB rsp ch=0 len=2 cmd=0x13 b1=00 b2=00 b3=00 b4=00 b5=00 b6=00 b7=00
I (5156) usb_dap_frontend: USB req ch=0 len=3 cmd=0x01 b1=00 b2=01 b3=00 b4=00 b5=00 b6=00 b7=00
I (5168) usb_dap_frontend: USB rsp ch=0 len=2 cmd=0x01 b1=00 b2=00 b3=00 b4=00 b5=00 b6=00 b7=00
I (5173) usb_dap_frontend: USB req ch=0 len=9 cmd=0x12 b1=33 b2=ff b3=ff b4=ff b5=ff b6=ff b7=ff
I (5186) usb_dap_frontend: USB rsp ch=0 len=2 cmd=0x12 b1=00 b2=00 b3=00 b4=00 b5=00 b6=00 b7=00
I (5190) usb_dap_frontend: USB req ch=0 len=4 cmd=0x12 b1=10 b2=9e b3=e7 b4=00 b5=00 b6=00 b7=00
I (5200) usb_dap_frontend: USB rsp ch=0 len=2 cmd=0x12 b1=00 b2=00 b3=00 b4=00 b5=00 b6=00 b7=00
I (5207) usb_dap_frontend: USB req ch=0 len=9 cmd=0x12 b1=33 b2=ff b3=ff b4=ff b5=ff b6=ff b7=ff
I (5217) usb_dap_frontend: USB rsp ch=0 len=2 cmd=0x12 b1=00 b2=00 b3=00 b4=00 b5=00 b6=00 b7=00
I (5224) usb_dap_frontend: USB req ch=0 len=3 cmd=0x12 b1=08 b2=00 b3=00 b4=00 b5=00 b6=00 b7=00
I (5234) usb_dap_frontend: USB rsp ch=0 len=2 cmd=0x12 b1=00 b2=00 b3=00 b4=00 b5=00 b6=00 b7=00
I (5241) usb_dap_frontend: USB req ch=0 len=4 cmd=0x05 b1=00 b2=01 b3=02 b4=00 b5=00 b6=00 b7=00
I (5253) usb_dap_frontend: USB rsp ch=0 len=7 cmd=0x05 b1=01 b2=01 b3=77 b4=24 b5=a0 b6=6b b7=00
I (5258) usb_dap_frontend: USB req ch=0 len=3 cmd=0x12 b1=08 b2=00 b3=00 b4=00 b5=00 b6=00 b7=00
I (5270) usb_dap_frontend: USB rsp ch=0 len=2 cmd=0x12 b1=00 b2=00 b3=00 b4=00 b5=00 b6=00 b7=00
I (5275) usb_dap_frontend: USB req ch=0 len=4 cmd=0x05 b1=00 b2=01 b3=02 b4=00 b5=00 b6=00 b7=00
I (5286) usb_dap_frontend: USB rsp ch=0 len=7 cmd=0x05 b1=01 b2=01 b3=77 b4=24 b5=a0 b6=6b b7=00
I (5292) usb_dap_frontend: USB req ch=0 len=8 cmd=0x05 b1=00 b2=01 b3=04 b4=00 b5=00 b6=00 b7=50
I (5302) usb_dap_frontend: USB rsp ch=0 len=3 cmd=0x05 b1=01 b2=01 b3=00 b4=00 b5=00 b6=00 b7=00
I (5309) usb_dap_frontend: USB req ch=0 len=4 cmd=0x05 b1=00 b2=01 b3=06 b4=00 b5=00 b6=00 b7=00
I (5319) usb_dap_frontend: USB rsp ch=0 len=7 cmd=0x05 b1=01 b2=01 b3=40 b4=00 b5=00 b6=f8 b7=00
I (5326) usb_dap_frontend: USB req ch=0 len=6 cmd=0x08 b1=00 b2=1e b3=00 b4=00 b5=00 b6=00 b7=00
I (5346) usb_dap_frontend: USB rsp ch=0 len=2 cmd=0x08 b1=00 b2=00 b3=00 b4=00 b5=00 b6=00 b7=00
I (5347) usb_dap_frontend: USB req ch=0 len=8 cmd=0x05 b1=00 b2=01 b3=04 b4=00 b5=0f b6=00 b7=50
I (5361) usb_dap_frontend: USB rsp ch=0 len=3 cmd=0x05 b1=01 b2=01 b3=00 b4=00 b5=00 b6=00 b7=00
I (5362) usb_dap_frontend: USB req ch=0 len=8 cmd=0x05 b1=00 b2=01 b3=08 b4=00 b5=00 b6=00 b7=00
I (5373) usb_dap_frontend: USB rsp ch=0 len=3 cmd=0x05 b1=01 b2=01 b3=00 b4=00 b5=00 b6=00 b7=00
I (5379) usb_dap_frontend: USB req ch=0 len=8 cmd=0x05 b1=00 b2=01 b3=08 b4=f0 b5=00 b6=00 b7=00
I (5399) usb_dap_frontend: USB rsp ch=0 len=3 cmd=0x05 b1=01 b2=01 b3=00 b4=00 b5=00 b6=00 b7=00
I (5400) usb_dap_frontend: USB req ch=0 len=4 cmd=0x05 b1=00 b2=01 b3=0f b4=00 b5=00 b6=00 b7=00
I (5418) usb_dap_frontend: USB rsp ch=0 len=7 cmd=0x05 b1=01 b2=01 b3=01 b4=00 b5=77 b6=84 b7=00
I (5420) usb_dap_frontend: USB req ch=0 len=8 cmd=0x05 b1=00 b2=01 b3=08 b4=00 b5=00 b6=00 b7=00
I (5430) usb_dap_frontend: USB rsp ch=0 len=3 cmd=0x05 b1=01 b2=01 b3=00 b4=00 b5=00 b6=00 b7=00
I (5434) usb_dap_frontend: USB req ch=0 len=4 cmd=0x05 b1=00 b2=01 b3=03 b4=00 b5=00 b6=00 b7=00
I (5452) usb_dap_frontend: USB rsp ch=0 len=7 cmd=0x05 b1=01 b2=01 b3=52 b4=00 b5=80 b6=0b b7=00
I (5453) usb_dap_frontend: USB req ch=0 len=8 cmd=0x05 b1=00 b2=01 b3=01 b4=60 b5=00 b6=00 b7=03
I (5461) usb_dap_frontend: USB rsp ch=0 len=3 cmd=0x05 b1=01 b2=01 b3=00 b4=00 b5=00 b6=00 b7=00
I (5468) usb_dap_frontend: USB req ch=0 len=4 cmd=0x05 b1=00 b2=01 b3=03 b4=00 b5=00 b6=00 b7=00
I (5478) usb_dap_frontend: USB rsp ch=0 len=7 cmd=0x05 b1=01 b2=01 b3=60 b4=00 b5=80 b6=03 b7=00
I (5485) usb_dap_frontend: USB req ch=0 len=8 cmd=0x05 b1=00 b2=01 b3=01 b4=61 b5=00 b6=00 b7=03
I (5495) usb_dap_frontend: USB rsp ch=0 len=3 cmd=0x05 b1=01 b2=01 b3=00 b4=00 b5=00 b6=00 b7=00
I (5502) usb_dap_frontend: USB req ch=0 len=4 cmd=0x05 b1=00 b2=01 b3=03 b4=00 b5=00 b6=00 b7=00
I (5512) usb_dap_frontend: USB rsp ch=0 len=7 cmd=0x05 b1=01 b2=01 b3=61 b4=00 b5=80 b6=03 b7=00
I (5519) usb_dap_frontend: USB req ch=0 len=8 cmd=0x05 b1=00 b2=01 b3=01 b4=52 b5=00 b6=00 b7=03
I (5529) usb_dap_frontend: USB rsp ch=0 len=3 cmd=0x05 b1=01 b2=01 b3=00 b4=00 b5=00 b6=00 b7=00
I (5536) usb_dap_frontend: USB req ch=0 len=8 cmd=0x05 b1=00 b2=01 b3=08 b4=f0 b5=00 b6=00 b7=02
I (5546) usb_dap_frontend: USB rsp ch=0 len=3 cmd=0x05 b1=01 b2=01 b3=00 b4=00 b5=00 b6=00 b7=00
I (5553) usb_dap_frontend: USB req ch=0 len=4 cmd=0x05 b1=00 b2=01 b3=0b b4=00 b5=00 b6=00 b7=00
I (5563) usb_dap_frontend: USB rsp ch=0 len=7 cmd=0x05 b1=01 b2=01 b3=03 b4=00 b5=0e b6=e0 b7=00
I (5570) usb_dap_frontend: USB req ch=0 len=4 cmd=0x05 b1=00 b2=01 b3=0f b4=00 b5=00 b6=00 b7=00
I (5580) usb_dap_frontend: USB rsp ch=0 len=7 cmd=0x05 b1=01 b2=01 b3=02 b4=00 b5=77 b6=54 b7=00
I (5587) usb_dap_frontend: USB req ch=0 len=8 cmd=0x05 b1=00 b2=01 b3=08 b4=00 b5=00 b6=00 b7=02
I (5597) usb_dap_frontend: USB rsp ch=0 len=3 cmd=0x05 b1=01 b2=01 b3=00 b4=00 b5=00 b6=00 b7=00
I (5604) usb_dap_frontend: USB req ch=0 len=8 cmd=0x05 b1=00 b2=01 b3=01 b4=12 b5=00 b6=00 b7=80
I (5614) usb_dap_frontend: USB rsp ch=0 len=3 cmd=0x05 b1=01 b2=01 b3=00 b4=00 b5=00 b6=00 b7=00
I (5621) usb_dap_frontend: USB req ch=0 len=8 cmd=0x05 b1=00 b2=01 b3=05 b4=e4 b5=0f b6=0e b7=e0
I (5632) usb_dap_frontend: USB rsp ch=0 len=3 cmd=0x05 b1=01 b2=01 b3=00 b4=00 b5=00 b6=00 b7=00
I (5638) usb_dap_frontend: USB req ch=0 len=5 cmd=0x06 b1=00 b2=01 b3=00 b4=0f b5=00 b6=00 b7=00
I (5649) usb_dap_frontend: USB rsp ch=0 len=8 cmd=0x06 b1=01 b2=00 b3=01 b4=04 b5=00 b6=00 b7=00
I (5655) usb_dap_frontend: USB req ch=0 len=4 cmd=0x05 b1=00 b2=01 b3=06 b4=00 b5=00 b6=00 b7=00
I (5665) usb_dap_frontend: USB rsp ch=0 len=7 cmd=0x05 b1=01 b2=01 b3=40 b4=0f b5=00 b6=f8 b7=00
I (5672) usb_dap_frontend: USB req ch=0 len=8 cmd=0x05 b1=00 b2=01 b3=05 b4=e8 b5=0f b6=0e b7=e0
I (5683) usb_dap_frontend: USB rsp ch=0 len=3 cmd=0x05 b1=01 b2=01 b3=00 b4=00 b5=00 b6=00 b7=00
I (5689) usb_dap_frontend: USB req ch=0 len=5 cmd=0x06 b1=00 b2=01 b3=00 b4=0f b5=00 b6=00 b7=00
I (5699) usb_dap_frontend: USB rsp ch=0 len=8 cmd=0x06 b1=01 b2=00 b3=01 b4=0a b5=00 b6=00 b7=00
I (5706) usb_dap_frontend: USB req ch=0 len=4 cmd=0x05 b1=00 b2=01 b3=06 b4=00 b5=00 b6=00 b7=00
I (5716) usb_dap_frontend: USB rsp ch=0 len=7 cmd=0x05 b1=01 b2=01 b3=40 b4=0f b5=00 b6=f8 b7=00
I (5723) usb_dap_frontend: USB req ch=0 len=8 cmd=0x05 b1=00 b2=01 b3=05 b4=04 b5=10 b6=0e b7=e0
I (5733) usb_dap_frontend: USB rsp ch=0 len=3 cmd=0x05 b1=01 b2=01 b3=00 b4=00 b5=00 b6=00 b7=00
I (5740) usb_dap_frontend: USB req ch=0 len=5 cmd=0x06 b1=00 b2=01 b3=00 b4=0f b5=00 b6=00 b7=00
I (5750) usb_dap_frontend: USB rsp ch=0 len=8 cmd=0x06 b1=01 b2=00 b3=01 b4=3f b5=00 b6=77 b7=00
I (5757) usb_dap_frontend: USB req ch=0 len=4 cmd=0x05 b1=00 b2=01 b3=06 b4=00 b5=00 b6=00 b7=00
I (5768) usb_dap_frontend: USB rsp ch=0 len=7 cmd=0x05 b1=01 b2=01 b3=40 b4=0f b5=00 b6=f8 b7=00
I (5774) usb_dap_frontend: USB req ch=0 len=8 cmd=0x05 b1=00 b2=01 b3=05 b4=04 b5=10 b6=0e b7=e0
I (5784) usb_dap_frontend: USB rsp ch=0 len=3 cmd=0x05 b1=01 b2=01 b3=00 b4=00 b5=00 b6=00 b7=00
I (5791) usb_dap_frontend: USB req ch=0 len=9 cmd=0x06 b1=00 b2=01 b3=00 b4=0d b5=3f b6=00 b7=77
I (5804) usb_dap_frontend: USB rsp ch=0 len=4 cmd=0x06 b1=01 b2=00 b3=01 b4=00 b5=00 b6=00 b7=00
I (5808) usb_dap_frontend: USB req ch=0 len=4 cmd=0x05 b1=00 b2=01 b3=06 b4=00 b5=00 b6=00 b7=00
I (5838) usb_dap_frontend: USB rsp ch=0 len=7 cmd=0x05 b1=01 b2=01 b3=40 b4=0f b5=00 b6=f8 b7=00
I (5839) usb_dap_frontend: USB req ch=0 len=8 cmd=0x05 b1=00 b2=01 b3=05 b4=04 b5=10 b6=0e b7=e0
I (5847) usb_dap_frontend: USB rsp ch=0 len=3 cmd=0x05 b1=01 b2=01 b3=00 b4=00 b5=00 b6=00 b7=00
I (5854) usb_dap_frontend: USB req ch=0 len=9 cmd=0x06 b1=00 b2=01 b3=00 b4=0d b5=3f b6=00 b7=77
I (5864) usb_dap_frontend: USB rsp ch=0 len=4 cmd=0x06 b1=01 b2=00 b3=01 b4=00 b5=00 b6=00 b7=00
I (5871) usb_dap_frontend: USB req ch=0 len=4 cmd=0x05 b1=00 b2=01 b3=06 b4=00 b5=00 b6=00 b7=00
I (5896) usb_dap_frontend: USB rsp ch=0 len=7 cmd=0x05 b1=01 b2=01 b3=40 b4=0f b5=00 b6=f8 b7=00
I (5896) usb_dap_frontend: USB req ch=0 len=8 cmd=0x05 b1=00 b2=01 b3=05 b4=34 b5=10 b6=0e b7=e0
I (5909) usb_dap_frontend: USB rsp ch=0 len=3 cmd=0x05 b1=01 b2=01 b3=00 b4=00 b5=00 b6=00 b7=00
I (5911) usb_dap_frontend: USB req ch=0 len=9 cmd=0x06 b1=00 b2=01 b3=00 b4=0d b5=40 b6=00 b7=00
I (5921) usb_dap_frontend: USB rsp ch=0 len=4 cmd=0x06 b1=01 b2=00 b3=01 b4=00 b5=00 b6=00 b7=00
I (5928) usb_dap_frontend: USB req ch=0 len=4 cmd=0x05 b1=00 b2=01 b3=06 b4=00 b5=00 b6=00 b7=00
I (5940) usb_dap_frontend: USB rsp ch=0 len=7 cmd=0x05 b1=01 b2=01 b3=40 b4=0f b5=00 b6=f8 b7=00
I (5945) usb_dap_frontend: USB req ch=0 len=8 cmd=0x05 b1=00 b2=01 b3=05 b4=3c b5=10 b6=0e b7=e0
I (5955) usb_dap_frontend: USB rsp ch=0 len=3 cmd=0x05 b1=01 b2=01 b3=00 b4=00 b5=00 b6=00 b7=00
I (5962) usb_dap_frontend: USB req ch=0 len=9 cmd=0x06 b1=00 b2=01 b3=00 b4=0d b5=ff b6=03 b7=e0
I (5972) usb_dap_frontend: USB rsp ch=0 len=4 cmd=0x06 b1=01 b2=00 b3=01 b4=00 b5=00 b6=00 b7=00
I (5979) usb_dap_frontend: USB req ch=0 len=4 cmd=0x05 b1=00 b2=01 b3=06 b4=00 b5=00 b6=00 b7=00
I (5993) usb_dap_frontend: USB rsp ch=0 len=7 cmd=0x05 b1=01 b2=01 b3=40 b4=0f b5=00 b6=f8 b7=00
I (5996) usb_dap_frontend: USB req ch=0 len=8 cmd=0x05 b1=00 b2=01 b3=05 b4=4c b5=10 b6=0e b7=e0
I (6007) usb_dap_frontend: USB rsp ch=0 len=3 cmd=0x05 b1=01 b2=01 b3=00 b4=00 b5=00 b6=00 b7=00
I (6013) usb_dap_frontend: USB req ch=0 len=9 cmd=0x06 b1=00 b2=01 b3=00 b4=0d b5=03 b6=00 b7=07
I (6023) usb_dap_frontend: USB rsp ch=0 len=4 cmd=0x06 b1=01 b2=00 b3=01 b4=00 b5=00 b6=00 b7=00
I (6030) usb_dap_frontend: USB req ch=0 len=4 cmd=0x05 b1=00 b2=01 b3=06 b4=00 b5=00 b6=00 b7=00
I (6041) usb_dap_frontend: USB rsp ch=0 len=7 cmd=0x05 b1=01 b2=01 b3=40 b4=0f b5=00 b6=f8 b7=00
I (6047) usb_dap_frontend: USB req ch=0 len=8 cmd=0x05 b1=00 b2=01 b3=05 b4=54 b5=10 b6=0e b7=e0
I (6057) usb_dap_frontend: USB rsp ch=0 len=3 cmd=0x05 b1=01 b2=01 b3=00 b4=00 b5=00 b6=00 b7=00
I (6064) usb_dap_frontend: USB req ch=0 len=9 cmd=0x06 b1=00 b2=01 b3=00 b4=0d b5=80 b6=1e b7=04
I (6074) usb_dap_frontend: USB rsp ch=0 len=4 cmd=0x06 b1=01 b2=00 b3=01 b4=00 b5=00 b6=00 b7=00
I (6081) usb_dap_frontend: USB req ch=0 len=4 cmd=0x05 b1=00 b2=01 b3=06 b4=00 b5=00 b6=00 b7=00
I (6091) usb_dap_frontend: USB rsp ch=0 len=7 cmd=0x05 b1=01 b2=01 b3=40 b4=0f b5=00 b6=f8 b7=00
I (6098) usb_dap_frontend: USB req ch=0 len=8 cmd=0x05 b1=00 b2=01 b3=08 b4=f0 b5=00 b6=00 b7=02
I (6109) usb_dap_frontend: USB rsp ch=0 len=3 cmd=0x05 b1=01 b2=01 b3=00 b4=00 b5=00 b6=00 b7=00
I (6115) usb_dap_frontend: USB req ch=0 len=4 cmd=0x05 b1=00 b2=01 b3=0b b4=00 b5=00 b6=00 b7=00
I (6125) usb_dap_frontend: USB rsp ch=0 len=7 cmd=0x05 b1=01 b2=01 b3=03 b4=00 b5=0e b6=e0 b7=00
I (6132) usb_dap_frontend: USB req ch=0 len=8 cmd=0x05 b1=00 b2=01 b3=08 b4=00 b5=00 b6=00 b7=02
I (6142) usb_dap_frontend: USB rsp ch=0 len=3 cmd=0x05 b1=01 b2=01 b3=00 b4=00 b5=00 b6=00 b7=00
I (6149) usb_dap_frontend: USB req ch=0 len=8 cmd=0x05 b1=00 b2=01 b3=01 b4=12 b5=00 b6=00 b7=80
I (6160) usb_dap_frontend: USB rsp ch=0 len=3 cmd=0x05 b1=01 b2=01 b3=00 b4=00 b5=00 b6=00 b7=00
I (6166) usb_dap_frontend: USB req ch=0 len=8 cmd=0x05 b1=00 b2=01 b3=05 b4=e4 b5=0f b6=0e b7=e0
I (6176) usb_dap_frontend: USB rsp ch=0 len=3 cmd=0x05 b1=01 b2=01 b3=00 b4=00 b5=00 b6=00 b7=00
I (6183) usb_dap_frontend: USB req ch=0 len=5 cmd=0x06 b1=00 b2=01 b3=00 b4=0f b5=00 b6=00 b7=00
I (6193) usb_dap_frontend: USB rsp ch=0 len=8 cmd=0x06 b1=01 b2=00 b3=01 b4=04 b5=00 b6=00 b7=00
I (6200) usb_dap_frontend: USB req ch=0 len=4 cmd=0x05 b1=00 b2=01 b3=06 b4=00 b5=00 b6=00 b7=00
I (6212) usb_dap_frontend: USB rsp ch=0 len=7 cmd=0x05 b1=01 b2=01 b3=40 b4=0f b5=00 b6=f8 b7=00
I (6217) usb_dap_frontend: USB req ch=0 len=8 cmd=0x05 b1=00 b2=01 b3=05 b4=e8 b5=0f b6=0e b7=e0
I (6227) usb_dap_frontend: USB rsp ch=0 len=3 cmd=0x05 b1=01 b2=01 b3=00 b4=00 b5=00 b6=00 b7=00
I (6234) usb_dap_frontend: USB req ch=0 len=5 cmd=0x06 b1=00 b2=01 b3=00 b4=0f b5=00 b6=00 b7=00
I (6244) usb_dap_frontend: USB rsp ch=0 len=8 cmd=0x06 b1=01 b2=00 b3=01 b4=0a b5=00 b6=00 b7=00
I (6251) usb_dap_frontend: USB req ch=0 len=4 cmd=0x05 b1=00 b2=01 b3=06 b4=00 b5=00 b6=00 b7=00
I (6261) usb_dap_frontend: USB rsp ch=0 len=7 cmd=0x05 b1=01 b2=01 b3=40 b4=0f b5=00 b6=f8 b7=00
I (6268) usb_dap_frontend: USB req ch=0 len=8 cmd=0x05 b1=00 b2=01 b3=08 b4=00 b5=00 b6=00 b7=00
I (6278) usb_dap_frontend: USB rsp ch=0 len=3 cmd=0x05 b1=01 b2=01 b3=00 b4=00 b5=00 b6=00 b7=00
I (6285) usb_dap_frontend: USB req ch=0 len=8 cmd=0x05 b1=00 b2=01 b3=01 b4=52 b5=00 b6=00 b7=03
I (6295) usb_dap_frontend: USB rsp ch=0 len=3 cmd=0x05 b1=01 b2=01 b3=00 b4=00 b5=00 b6=00 b7=00
I (6302) usb_dap_frontend: USB req ch=0 len=9 cmd=0x05 b1=00 b2=02 b3=05 b4=c8 b5=3f b6=04 b7=e0
I (6312) usb_dap_frontend: USB rsp ch=0 len=7 cmd=0x05 b1=02 b2=01 b3=00 b4=08 b5=04 b6=00 b7=00
I (6319) usb_dap_frontend: USB req ch=0 len=8 cmd=0x05 b1=00 b2=01 b3=08 b4=00 b5=00 b6=00 b7=02
I (6335) usb_dap_frontend: USB rsp ch=0 len=3 cmd=0x05 b1=01 b2=01 b3=00 b4=00 b5=00 b6=00 b7=00
I (6336) usb_dap_frontend: USB req ch=0 len=9 cmd=0x05 b1=00 b2=02 b3=05 b4=c8 b5=1f b6=0f b7=e0
I (6348) usb_dap_frontend: USB rsp ch=0 len=7 cmd=0x05 b1=02 b2=01 b3=00 b4=08 b5=04 b6=00 b7=00
I (6353) usb_dap_frontend: USB req ch=0 len=8 cmd=0x05 b1=00 b2=01 b3=08 b4=00 b5=00 b6=00 b7=00
I (6363) usb_dap_frontend: USB rsp ch=0 len=3 cmd=0x05 b1=01 b2=01 b3=00 b4=00 b5=00 b6=00 b7=00
I (6370) usb_dap_frontend: USB req ch=0 len=13 cmd=0x05 b1=00 b2=02 b3=05 b4=fc b5=ed b6=00 b7=e0
I (6381) usb_dap_frontend: USB rsp ch=0 len=3 cmd=0x05 b1=02 b2=01 b3=00 b4=00 b5=00 b6=00 b7=00
I (6387) usb_dap_frontend: USB req ch=0 len=9 cmd=0x05 b1=00 b2=02 b3=05 b4=00 b5=ed b6=00 b7=e0
I (6398) usb_dap_frontend: USB rsp ch=0 len=7 cmd=0x05 b1=02 b2=01 b3=71 b4=c2 b5=1f b6=41 b7=00
I (6404) usb_dap_frontend: USB req ch=0 len=9 cmd=0x05 b1=00 b2=02 b3=05 b4=40 b5=ef b6=00 b7=e0
I (6415) usb_dap_frontend: USB rsp ch=0 len=7 cmd=0x05 b1=02 b2=01 b3=21 b4=02 b5=11 b6=10 b7=00
I (6421) usb_dap_frontend: USB req ch=0 len=8 cmd=0x05 b1=00 b2=01 b3=01 b4=52 b5=00 b6=00 b7=0b
I (6432) usb_dap_frontend: USB rsp ch=0 len=3 cmd=0x05 b1=01 b2=01 b3=00 b4=00 b5=00 b6=00 b7=00
I (6438) usb_dap_frontend: USB req ch=0 len=9 cmd=0x05 b1=00 b2=02 b3=05 b4=78 b5=ed b6=00 b7=e0
I (6449) usb_dap_frontend: USB rsp ch=0 len=7 cmd=0x05 b1=02 b2=01 b3=03 b4=00 b5=00 b6=09 b7=00
I (6455) usb_dap_frontend: USB req ch=0 len=4 cmd=0x05 b1=00 b2=01 b3=06 b4=00 b5=00 b6=00 b7=00
I (6466) usb_dap_frontend: USB rsp ch=0 len=7 cmd=0x05 b1=01 b2=01 b3=40 b4=0f b5=00 b6=f8 b7=00
I (6472) usb_dap_frontend: USB req ch=0 len=9 cmd=0x05 b1=00 b2=02 b3=05 b4=f0 b5=ed b6=00 b7=e0
I (6483) usb_dap_frontend: USB rsp ch=0 len=7 cmd=0x05 b1=02 b2=01 b3=03 b4=00 b5=03 b6=00 b7=00
I (6489) usb_dap_frontend: USB req ch=0 len=13 cmd=0x05 b1=00 b2=02 b3=05 b4=f0 b5=ed b6=00 b7=e0
I (6500) usb_dap_frontend: USB rsp ch=0 len=3 cmd=0x05 b1=02 b2=01 b3=00 b4=00 b5=00 b6=00 b7=00
I (6506) usb_dap_frontend: USB req ch=0 len=13 cmd=0x05 b1=00 b2=02 b3=05 b4=f0 b5=ed b6=00 b7=e0
I (6518) usb_dap_frontend: USB rsp ch=0 len=3 cmd=0x05 b1=02 b2=01 b3=00 b4=00 b5=00 b6=00 b7=00
I (6523) usb_dap_frontend: USB req ch=0 len=9 cmd=0x05 b1=00 b2=02 b3=05 b4=f0 b5=ed b6=00 b7=e0
I (6534) usb_dap_frontend: USB rsp ch=0 len=7 cmd=0x05 b1=02 b2=01 b3=03 b4=00 b5=03 b6=00 b7=00
I (6540) usb_dap_frontend: USB req ch=0 len=13 cmd=0x05 b1=00 b2=02 b3=05 b4=f0 b5=ed b6=00 b7=e0
I (6551) usb_dap_frontend: USB rsp ch=0 len=3 cmd=0x05 b1=02 b2=01 b3=00 b4=00 b5=00 b6=00 b7=00
I (6558) usb_dap_frontend: USB req ch=0 len=9 cmd=0x05 b1=00 b2=02 b3=05 b4=fc b5=ed b6=00 b7=e0
I (6568) usb_dap_frontend: USB rsp ch=0 len=7 cmd=0x05 b1=02 b2=01 b3=00 b4=00 b5=00 b6=01 b7=00
I (6575) usb_dap_frontend: USB req ch=0 len=9 cmd=0x05 b1=00 b2=02 b3=05 b4=00 b5=20 b6=00 b7=e0
I (6585) usb_dap_frontend: USB rsp ch=0 len=7 cmd=0x05 b1=02 b2=01 b3=80 b4=00 b5=00 b6=10 b7=00
I (6592) usb_dap_frontend: USB req ch=0 len=9 cmd=0x05 b1=00 b2=02 b3=05 b4=00 b5=10 b6=00 b7=e0
I (6602) usb_dap_frontend: USB rsp ch=0 len=7 cmd=0x05 b1=02 b2=01 b3=01 b4=00 b5=00 b6=40 b7=00
I (6609) usb_dap_frontend: USB req ch=0 len=13 cmd=0x05 b1=00 b2=02 b3=05 b4=24 b5=10 b6=00 b7=e0
I (6619) usb_dap_frontend: USB rsp ch=0 len=3 cmd=0x05 b1=02 b2=01 b3=00 b4=00 b5=00 b6=00 b7=00
I (6626) usb_dap_frontend: USB req ch=0 len=9 cmd=0x05 b1=00 b2=02 b3=05 b4=24 b5=10 b6=00 b7=e0
I (6636) usb_dap_frontend: USB rsp ch=0 len=7 cmd=0x05 b1=02 b2=01 b3=1f b4=00 b5=00 b6=00 b7=00
I (6643) usb_dap_frontend: USB req ch=0 len=13 cmd=0x05 b1=00 b2=02 b3=05 b4=24 b5=10 b6=00 b7=e0
I (6653) usb_dap_frontend: USB rsp ch=0 len=3 cmd=0x05 b1=02 b2=01 b3=00 b4=00 b5=00 b6=00 b7=00
I (6660) usb_dap_frontend: USB req ch=0 len=13 cmd=0x05 b1=00 b2=02 b3=05 b4=28 b5=10 b6=00 b7=e0
I (6670) usb_dap_frontend: USB rsp ch=0 len=3 cmd=0x05 b1=02 b2=01 b3=00 b4=00 b5=00 b6=00 b7=00
I (6677) usb_dap_frontend: USB req ch=0 len=9 cmd=0x05 b1=00 b2=02 b3=05 b4=28 b5=10 b6=00 b7=e0
I (6687) usb_dap_frontend: USB rsp ch=0 len=7 cmd=0x05 b1=02 b2=01 b3=00 b4=00 b5=00 b6=00 b7=00
I (6694) usb_dap_frontend: USB req ch=0 len=13 cmd=0x05 b1=00 b2=02 b3=05 b4=28 b5=10 b6=00 b7=e0
I (6704) usb_dap_frontend: USB rsp ch=0 len=3 cmd=0x05 b1=02 b2=01 b3=00 b4=00 b5=00 b6=00 b7=00
I (6711) usb_dap_frontend: USB req ch=0 len=9 cmd=0x05 b1=00 b2=02 b3=05 b4=28 b5=10 b6=00 b7=e0
I (6721) usb_dap_frontend: USB rsp ch=0 len=7 cmd=0x05 b1=02 b2=01 b3=80 b4=00 b5=00 b6=00 b7=00
I (6728) usb_dap_frontend: USB req ch=0 len=13 cmd=0x05 b1=00 b2=02 b3=05 b4=28 b5=10 b6=00 b7=e0
I (6739) usb_dap_frontend: USB rsp ch=0 len=3 cmd=0x05 b1=02 b2=01 b3=00 b4=00 b5=00 b6=00 b7=00
I (6745) usb_dap_frontend: USB req ch=0 len=13 cmd=0x05 b1=00 b2=02 b3=05 b4=38 b5=10 b6=00 b7=e0
I (6763) usb_dap_frontend: USB rsp ch=0 len=3 cmd=0x05 b1=02 b2=01 b3=00 b4=00 b5=00 b6=00 b7=00
I (6764) usb_dap_frontend: USB req ch=0 len=9 cmd=0x05 b1=00 b2=02 b3=05 b4=38 b5=10 b6=00 b7=e0
I (6785) usb_dap_frontend: USB rsp ch=0 len=7 cmd=0x05 b1=02 b2=01 b3=00 b4=03 b5=00 b6=00 b7=00
I (6786) usb_dap_frontend: USB req ch=0 len=13 cmd=0x05 b1=00 b2=02 b3=05 b4=38 b5=10 b6=00 b7=e0
I (6805) usb_dap_frontend: USB rsp ch=0 len=3 cmd=0x05 b1=02 b2=01 b3=00 b4=00 b5=00 b6=00 b7=00
I (6806) usb_dap_frontend: USB req ch=0 len=9 cmd=0x05 b1=00 b2=02 b3=05 b4=38 b5=10 b6=00 b7=e0
I (6814) usb_dap_frontend: USB rsp ch=0 len=7 cmd=0x05 b1=02 b2=01 b3=00 b4=02 b5=00 b6=00 b7=00
I (6820) usb_dap_frontend: USB req ch=0 len=13 cmd=0x05 b1=00 b2=02 b3=05 b4=38 b5=10 b6=00 b7=e0
I (6834) usb_dap_frontend: USB rsp ch=0 len=3 cmd=0x05 b1=02 b2=01 b3=00 b4=00 b5=00 b6=00 b7=00
I (6838) usb_dap_frontend: USB req ch=0 len=13 cmd=0x05 b1=00 b2=02 b3=05 b4=48 b5=10 b6=00 b7=e0
I (6855) usb_dap_frontend: USB rsp ch=0 len=3 cmd=0x05 b1=02 b2=01 b3=00 b4=00 b5=00 b6=00 b7=00
I (6856) usb_dap_frontend: USB req ch=0 len=9 cmd=0x05 b1=00 b2=02 b3=05 b4=48 b5=10 b6=00 b7=e0
I (6868) usb_dap_frontend: USB rsp ch=0 len=7 cmd=0x05 b1=02 b2=01 b3=00 b4=00 b5=00 b6=00 b7=00
I (6872) usb_dap_frontend: USB req ch=0 len=13 cmd=0x05 b1=00 b2=02 b3=05 b4=48 b5=10 b6=00 b7=e0
I (6882) usb_dap_frontend: USB rsp ch=0 len=3 cmd=0x05 b1=02 b2=01 b3=00 b4=00 b5=00 b6=00 b7=00
I (6889) usb_dap_frontend: USB req ch=0 len=9 cmd=0x05 b1=00 b2=02 b3=05 b4=48 b5=10 b6=00 b7=e0
I (6908) usb_dap_frontend: USB rsp ch=0 len=7 cmd=0x05 b1=02 b2=01 b3=00 b4=00 b5=00 b6=00 b7=00
I (6908) usb_dap_frontend: USB req ch=0 len=13 cmd=0x05 b1=00 b2=02 b3=05 b4=48 b5=10 b6=00 b7=e0
I (6916) usb_dap_frontend: USB rsp ch=0 len=3 cmd=0x05 b1=02 b2=01 b3=00 b4=00 b5=00 b6=00 b7=00
I (6923) usb_dap_frontend: USB req ch=0 len=13 cmd=0x05 b1=00 b2=02 b3=05 b4=58 b5=10 b6=00 b7=e0
I (6933) usb_dap_frontend: USB rsp ch=0 len=3 cmd=0x05 b1=02 b2=01 b3=00 b4=00 b5=00 b6=00 b7=00
I (6940) usb_dap_frontend: USB req ch=0 len=9 cmd=0x05 b1=00 b2=02 b3=05 b4=58 b5=10 b6=00 b7=e0
I (6950) usb_dap_frontend: USB rsp ch=0 len=7 cmd=0x05 b1=02 b2=01 b3=00 b4=00 b5=00 b6=00 b7=00
I (6957) usb_dap_frontend: USB req ch=0 len=13 cmd=0x05 b1=00 b2=02 b3=05 b4=58 b5=10 b6=00 b7=e0
I (6967) usb_dap_frontend: USB rsp ch=0 len=3 cmd=0x05 b1=02 b2=01 b3=00 b4=00 b5=00 b6=00 b7=00
I (6974) usb_dap_frontend: USB req ch=0 len=9 cmd=0x05 b1=00 b2=02 b3=05 b4=58 b5=10 b6=00 b7=e0
I (6985) usb_dap_frontend: USB rsp ch=0 len=7 cmd=0x05 b1=02 b2=01 b3=00 b4=00 b5=00 b6=00 b7=00
I (6991) usb_dap_frontend: USB req ch=0 len=13 cmd=0x05 b1=00 b2=02 b3=05 b4=58 b5=10 b6=00 b7=e0
I (7010) usb_dap_frontend: USB rsp ch=0 len=3 cmd=0x05 b1=02 b2=01 b3=00 b4=00 b5=00 b6=00 b7=00
I (7011) usb_dap_frontend: USB req ch=0 len=13 cmd=0x05 b1=00 b2=02 b3=05 b4=00 b5=20 b6=00 b7=e0
I (7019) usb_dap_frontend: USB rsp ch=0 len=3 cmd=0x05 b1=02 b2=01 b3=00 b4=00 b5=00 b6=00 b7=00
I (7025) usb_dap_frontend: USB req ch=0 len=13 cmd=0x05 b1=00 b2=02 b3=05 b4=28 b5=10 b6=00 b7=e0
I (7054) usb_dap_frontend: USB rsp ch=0 len=3 cmd=0x05 b1=02 b2=01 b3=00 b4=00 b5=00 b6=00 b7=00
I (7055) usb_dap_frontend: USB req ch=0 len=13 cmd=0x05 b1=00 b2=02 b3=05 b4=38 b5=10 b6=00 b7=e0
I (7062) usb_dap_frontend: USB rsp ch=0 len=3 cmd=0x05 b1=02 b2=01 b3=00 b4=00 b5=00 b6=00 b7=00
I (7069) usb_dap_frontend: USB req ch=0 len=13 cmd=0x05 b1=00 b2=02 b3=05 b4=48 b5=10 b6=00 b7=e0
I (7092) usb_dap_frontend: USB rsp ch=0 len=3 cmd=0x05 b1=02 b2=01 b3=00 b4=00 b5=00 b6=00 b7=00
I (7093) usb_dap_frontend: USB req ch=0 len=13 cmd=0x05 b1=00 b2=02 b3=05 b4=58 b5=10 b6=00 b7=e0
I (7101) usb_dap_frontend: USB rsp ch=0 len=3 cmd=0x05 b1=02 b2=01 b3=00 b4=00 b5=00 b6=00 b7=00
I (7108) usb_dap_frontend: USB req ch=0 len=9 cmd=0x05 b1=00 b2=02 b3=05 b4=04 b5=e0 b6=00 b7=e0
I (7118) usb_dap_frontend: USB rsp ch=0 len=7 cmd=0x05 b1=02 b2=01 b3=04 b4=00 b5=00 b6=00 b7=00
I (7125) usb_dap_frontend: USB req ch=0 len=8 cmd=0x05 b1=00 b2=01 b3=05 b4=00 b5=10 b6=00 b7=e0
I (7135) usb_dap_frontend: USB rsp ch=0 len=3 cmd=0x05 b1=01 b2=01 b3=00 b4=00 b5=00 b6=00 b7=00
