ESP-ROM:esp32s3-20210327
Build:Mar 27 2021
rst:0x1 (POWERON),boot:0x8 (SPI_FAST_FLASH_BOOT)
SPIWP:0xee
mode:DIO, clock div:1
load:0x3fce2810,len:0x11f0
load:0x403c8700,len:0x4
load:0x403c8704,len:0xcdc
load:0x403cb700,len:0x2db0
entry 0x403c8910
I (27) boot: ESP-IDF v5.4.1 2nd stage bootloader
I (27) boot: compile time Apr 29 2026 09:26:48
I (27) boot: Multicore bootloader
I (27) boot: chip revision: v0.2
I (30) boot: efuse block revision: v1.4
I (33) boot.esp32s3: Boot SPI Speed : 80MHz
I (37) boot.esp32s3: SPI Mode       : DIO
I (41) boot.esp32s3: SPI Flash Size : 2MB
I (45) boot: Enabling RNG early entropy source...
I (49) boot: Partition Table:
I (52) boot: ## Label            Usage          Type ST Offset   Length
I (58) boot:  0 nvs              WiFi data        01 02 00009000 00006000
I (65) boot:  1 phy_init         RF data          01 01 0000f000 00001000
I (71) boot:  2 factory          factory app      00 00 00010000 00100000
I (78) boot: End of partition table
I (81) esp_image: segment 0: paddr=00010020 vaddr=3c090020 size=12bf8h ( 76792) map
I (102) esp_image: segment 1: paddr=00022c20 vaddr=3fc97300 size=04290h ( 17040) load
I (106) esp_image: segment 2: paddr=00026eb8 vaddr=40374000 size=09160h ( 37216) load
I (114) esp_image: segment 3: paddr=00030020 vaddr=42000020 size=805c4h (525764) map
I (207) esp_image: segment 4: paddr=000b05ec vaddr=4037d160 size=0a158h ( 41304) load
I (221) esp_image: segment 5: paddr=000ba74c vaddr=600fe100 size=0001ch (    28) load
I (229) boot: Loaded app from partition at offset 0x10000
I (229) boot: Disabling RNG early entropy source...
I (239) cpu_start: Multicore app
I (248) cpu_start: Pro cpu start user code
I (248) cpu_start: cpu freq: 240000000 Hz
I (249) app_init: Application information:
I (249) app_init: Project name:     wdap_frontend_a
I (253) app_init: App version:      7290735-dirty
I (258) app_init: Compile time:     Apr 29 2026 19:12:33
I (263) app_init: ELF file SHA256:  0c9dafabd...
I (267) app_init: ESP-IDF:          v5.4.1
I (271) efuse_init: Min chip rev:     v0.0
I (275) efuse_init: Max chip rev:     v0.99 
I (279) efuse_init: Chip rev:         v0.2
I (282) heap_init: Initializing. RAM available for dynamic allocation:
I (289) heap_init: At 3FCA0BE8 len 00048B28 (290 KiB): RAM
I (294) heap_init: At 3FCE9710 len 00005724 (21 KiB): RAM
I (299) heap_init: At 3FCF0000 len 00008000 (32 KiB): DRAM
I (304) heap_init: At 600FE11C len 00001ECC (7 KiB): RTCRAM
I (310) spi_flash: detected chip: boya
I (313) spi_flash: flash io: dio
W (316) spi_flash: Detected size(8192k) larger than the size in the binary image header(2048k). Using the size in the binary image header.
I (328) sleep_gpio: Configure to isolate all GPIO pins in sleep state
I (334) sleep_gpio: Enable automatic switching of GPIO sleep configuration
I (341) main_task: Started on CPU0
I (360) main_task: Calling app_main()
I (373) pp: pp rom version: e7ae62f
I (373) net80211: net80211 rom version: e7ae62f
I (375) wifi:wifi driver task: 3fcabca8, prio:23, stack:6656, core=0
I (382) wifi:wifi firmware version: 79fa3f41ba
I (382) wifi:wifi certification version: v7.0
I (384) wifi:config NVS flash: enabled
I (387) wifi:config nano formatting: disabled
I (391) wifi:Init data frame dynamic rx buffer num: 32
I (396) wifi:Init static rx mgmt buffer num: 5
I (400) wifi:Init management short buffer num: 32
I (405) wifi:Init dynamic tx buffer num: 32
I (409) wifi:Init static tx FG buffer num: 2
I (413) wifi:Init static rx buffer size: 1600
I (417) wifi:Init static rx buffer num: 10
I (420) wifi:Init dynamic rx buffer num: 32
I (425) wifi_init: rx ba win: 6
I (427) wifi_init: accept mbox: 6
I (430) wifi_init: tcpip mbox: 32
I (433) wifi_init: udp mbox: 6
I (436) wifi_init: tcp mbox: 6
I (439) wifi_init: tcp tx win: 5760
I (442) wifi_init: tcp rx win: 5760
I (445) wifi_init: tcp mss: 1440
I (448) wifi_init: WiFi IRAM OP enabled
I (452) wifi_init: WiFi RX IRAM OP enabled
I (456) phy_init: phy_version 700,8582a7fd,Feb 10 2025,20:13:11
I (500) wifi:mode : sta (20:6e:f1:d6:01:a8)
I (500) wifi:enable tsf
I (501) wifi:Set ps type: 0, coexist: 0

I (503) wifi:enable tsf
I (505) wdap_transport: frontend_a Wi-Fi STA init ok, sta_mac=20:6e:f1:d6:01:a8 peer_mac=20:6e:f1:d6:02:d0 channel=6
I (512) ESPNOW: espnow [version: 2.0] init
I (515) wdap_transport: esp_now_add_peer ok peer=20:6e:f1:d6:02:d0 channel=6 mtu=1460 rate=MCS7_SGI
I (525) frontend_a: PING/PONG ok; DAP queue now dedicated to Keil
I (530) wdap_transport: stats tx_frames=2 rx_frames=2 tx_msg=1 rx_msg=1 ack_rx=1 ack_tx=1 nack_rx=0 nack_tx=0 retries=0 timeouts=0 crc=0 dup=0 reasm=0 send_fail=0
I (544) tusb_desc: 
┌─────────────────────────────────┐
│  USB Device Descriptor Summary  │
├───────────────────┬─────────────┤
│bDeviceClass       │ 0           │
├───────────────────┼─────────────┤
│bDeviceSubClass    │ 0           │
├───────────────────┼─────────────┤
│bDeviceProtocol    │ 0           │
├───────────────────┼─────────────┤
│bMaxPacketSize0    │ 64          │
├───────────────────┼─────────────┤
│idVendor           │ 0xd28       │
├───────────────────┼─────────────┤
│idProduct          │ 0x204       │
├───────────────────┼─────────────┤
│bcdDevice          │ 0x101       │
├───────────────────┼─────────────┤
│iManufacturer      │ 0x1         │
├───────────────────┼─────────────┤
│iProduct           │ 0x2         │
├───────────────────┼─────────────┤
│iSerialNumber      │ 0x3         │
├───────────────────┼─────────────┤
│bNumConfigurations │ 0x1         │
└───────────────────┴─────────────┘
I (711) TinyUSB: TinyUSB Driver installed on port 0
I (716) usb_dap_frontend: USB CMSIS-DAP HID optimized initialized, dap_packet=512 hid_fallback=1
I (724) frontend_a: frontend_a ready
I (727) main_task: Returned from app_main()
I (901) usb_dap_frontend: USB mounted/configured
