I (363949) backend_b: PING received, sending PONG
I (366457) backend_b: DAP type=1 len=2 cmd=0x00 b1=02 b2=00 b3=00 rsp_len=21 r0=00 r1=13 r2=57 r3=69
I (366473) backend_b: DAP type=1 len=2 cmd=0x00 b1=03 b2=00 b3=00 rsp_len=15 r0=00 r1=0d r2=57 r3=44
I (366491) backend_b: DAP type=1 len=2 cmd=0x00 b1=04 b2=00 b3=00 rsp_len=8 r0=00 r1=06 r2=32 r3=2e
I (366510) backend_b: DAP type=1 len=2 cmd=0x00 b1=f0 b2=00 b3=00 rsp_len=3 r0=00 r1=01 r2=31 r3=00
I (366529) backend_b: DAP type=1 len=2 cmd=0x00 b1=01 b2=00 b3=00 rsp_len=9 r0=00 r1=07 r2=4f r3=70
I (366547) backend_b: DAP type=1 len=2 cmd=0x00 b1=02 b2=00 b3=00 rsp_len=21 r0=00 r1=13 r2=57 r3=69
I (366566) backend_b: DAP type=1 len=2 cmd=0x00 b1=ff b2=00 b3=00 rsp_len=4 r0=00 r1=02 r2=40 r3=00
I (366584) backend_b: DAP type=1 len=2 cmd=0x00 b1=fe b2=00 b3=00 rsp_len=3 r0=00 r1=01 r2=08 r3=00
I (366603) backend_b: DAP type=1 len=2 cmd=0x00 b1=f0 b2=00 b3=00 rsp_len=3 r0=00 r1=01 r2=31 r3=00
I (366629) backend_b: DAP type=1 len=2 cmd=0x02 b1=01 b2=00 b3=00 rsp_len=2 r0=02 r1=01 r2=00 r3=00
I (366640) backend_b: DAP type=1 len=5 cmd=0x11 b1=80 b2=96 b3=98 rsp_len=2 r0=11 r1=00 r2=00 r3=00
I (366659) backend_b: DAP type=1 len=6 cmd=0x04 b1=00 b2=64 b3=00 rsp_len=2 r0=04 r1=00 r2=00 r3=00
I (366677) backend_b: DAP type=1 len=2 cmd=0x13 b1=00 b2=00 b3=00 rsp_len=2 r0=13 r1=00 r2=00 r3=00
I (366696) backend_b: DAP type=1 len=3 cmd=0x01 b1=00 b2=01 b3=00 rsp_len=2 r0=01 r1=00 r2=00 r3=00
I (366715) backend_b: DAP type=1 len=9 cmd=0x12 b1=33 b2=ff b3=ff rsp_len=2 r0=12 r1=00 r2=00 r3=00
I (366734) backend_b: DAP type=1 len=4 cmd=0x12 b1=10 b2=9e b3=e7 rsp_len=2 r0=12 r1=00 r2=00 r3=00
I (366752) backend_b: DAP type=1 len=9 cmd=0x12 b1=33 b2=ff b3=ff rsp_len=2 r0=12 r1=00 r2=00 r3=00
I (366770) backend_b: DAP type=1 len=3 cmd=0x12 b1=08 b2=00 b3=00 rsp_len=2 r0=12 r1=00 r2=00 r3=00
I (366789) backend_b: DAP type=1 len=4 cmd=0x05 b1=00 b2=01 b3=02 rsp_len=7 r0=05 r1=01 r2=01 r3=77
I (366808) backend_b: DAP type=1 len=3 cmd=0x12 b1=08 b2=00 b3=00 rsp_len=2 r0=12 r1=00 r2=00 r3=00
I (366834) backend_b: DAP type=1 len=4 cmd=0x05 b1=00 b2=01 b3=02 rsp_len=7 r0=05 r1=01 r2=01 r3=77
I (366845) backend_b: DAP type=1 len=8 cmd=0x05 b1=00 b2=01 b3=04 rsp_len=3 r0=05 r1=01 r2=01 r3=00
I (366863) backend_b: DAP type=1 len=4 cmd=0x05 b1=00 b2=01 b3=06 rsp_len=7 r0=05 r1=01 r2=01 r3=40
I (366882) backend_b: DAP type=1 len=6 cmd=0x08 b1=00 b2=1e b3=00 rsp_len=2 r0=08 r1=00 r2=00 r3=00
I (366901) backend_b: DAP type=1 len=8 cmd=0x05 b1=00 b2=01 b3=04 rsp_len=3 r0=05 r1=01 r2=01 r3=00
I (366920) backend_b: DAP type=1 len=8 cmd=0x05 b1=00 b2=01 b3=08 rsp_len=3 r0=05 r1=01 r2=01 r3=00
I (366938) backend_b: DAP type=1 len=8 cmd=0x05 b1=00 b2=01 b3=08 rsp_len=3 r0=05 r1=01 r2=01 r3=00
I (366957) backend_b: DAP type=1 len=4 cmd=0x05 b1=00 b2=01 b3=0f rsp_len=7 r0=05 r1=01 r2=01 r3=01
I (366975) backend_b: DAP type=1 len=8 cmd=0x05 b1=00 b2=01 b3=08 rsp_len=3 r0=05 r1=01 r2=01 r3=00
I (366993) backend_b: DAP type=1 len=4 cmd=0x05 b1=00 b2=01 b3=03 rsp_len=7 r0=05 r1=01 r2=01 r3=52
I (367012) backend_b: DAP type=1 len=8 cmd=0x05 b1=00 b2=01 b3=01 rsp_len=3 r0=05 r1=01 r2=01 r3=00
I (367039) backend_b: DAP type=1 len=4 cmd=0x05 b1=00 b2=01 b3=03 rsp_len=7 r0=05 r1=01 r2=01 r3=60
I (367052) backend_b: DAP type=1 len=8 cmd=0x05 b1=00 b2=01 b3=01 rsp_len=3 r0=05 r1=01 r2=01 r3=00
I (367069) backend_b: DAP type=1 len=4 cmd=0x05 b1=00 b2=01 b3=03 rsp_len=7 r0=05 r1=01 r2=01 r3=61
I (367088) backend_b: DAP type=1 len=8 cmd=0x05 b1=00 b2=01 b3=01 rsp_len=3 r0=05 r1=01 r2=01 r3=00
I (367115) backend_b: DAP type=1 len=8 cmd=0x05 b1=00 b2=01 b3=08 rsp_len=3 r0=05 r1=01 r2=01 r3=00
I (367131) backend_b: DAP type=1 len=4 cmd=0x05 b1=00 b2=01 b3=0b rsp_len=7 r0=05 r1=01 r2=01 r3=03
I (367150) backend_b: DAP type=1 len=4 cmd=0x05 b1=00 b2=01 b3=0f rsp_len=7 r0=05 r1=01 r2=01 r3=02
I (367164) backend_b: DAP type=1 len=8 cmd=0x05 b1=00 b2=01 b3=08 rsp_len=3 r0=05 r1=01 r2=01 r3=00
I (367182) backend_b: DAP type=1 len=8 cmd=0x05 b1=00 b2=01 b3=01 rsp_len=3 r0=05 r1=01 r2=01 r3=00
I (367201) backend_b: DAP type=1 len=8 cmd=0x05 b1=00 b2=01 b3=05 rsp_len=3 r0=05 r1=01 r2=01 r3=00
I (367219) backend_b: DAP type=1 len=5 cmd=0x06 b1=00 b2=01 b3=00 rsp_len=8 r0=06 r1=01 r2=00 r3=01
I (367244) backend_b: DAP type=1 len=4 cmd=0x05 b1=00 b2=01 b3=06 rsp_len=7 r0=05 r1=01 r2=01 r3=40
I (367257) backend_b: DAP type=1 len=8 cmd=0x05 b1=00 b2=01 b3=05 rsp_len=3 r0=05 r1=01 r2=01 r3=00
I (367275) backend_b: DAP type=1 len=5 cmd=0x06 b1=00 b2=01 b3=00 rsp_len=8 r0=06 r1=01 r2=00 r3=01
I (367294) backend_b: DAP type=1 len=4 cmd=0x05 b1=00 b2=01 b3=06 rsp_len=7 r0=05 r1=01 r2=01 r3=40
I (367312) backend_b: DAP type=1 len=8 cmd=0x05 b1=00 b2=01 b3=05 rsp_len=3 r0=05 r1=01 r2=01 r3=00
I (367331) backend_b: DAP type=1 len=5 cmd=0x06 b1=00 b2=01 b3=00 rsp_len=8 r0=06 r1=01 r2=00 r3=01
I (367349) backend_b: DAP type=1 len=4 cmd=0x05 b1=00 b2=01 b3=06 rsp_len=7 r0=05 r1=01 r2=01 r3=40
I (367368) backend_b: DAP type=1 len=8 cmd=0x05 b1=00 b2=01 b3=05 rsp_len=3 r0=05 r1=01 r2=01 r3=00
I (367387) backend_b: DAP type=1 len=9 cmd=0x06 b1=00 b2=01 b3=00 rsp_len=4 r0=06 r1=01 r2=00 r3=01
I (367405) backend_b: DAP type=1 len=4 cmd=0x05 b1=00 b2=01 b3=06 rsp_len=7 r0=05 r1=01 r2=01 r3=40
I (367425) backend_b: DAP type=1 len=8 cmd=0x05 b1=00 b2=01 b3=05 rsp_len=3 r0=05 r1=01 r2=01 r3=00
I (367449) backend_b: DAP type=1 len=9 cmd=0x06 b1=00 b2=01 b3=00 rsp_len=4 r0=06 r1=01 r2=00 r3=01
I (367461) backend_b: DAP type=1 len=4 cmd=0x05 b1=00 b2=01 b3=06 rsp_len=7 r0=05 r1=01 r2=01 r3=40
I (367480) backend_b: DAP type=1 len=8 cmd=0x05 b1=00 b2=01 b3=05 rsp_len=3 r0=05 r1=01 r2=01 r3=00
I (367498) backend_b: DAP type=1 len=9 cmd=0x06 b1=00 b2=01 b3=00 rsp_len=4 r0=06 r1=01 r2=00 r3=01
I (367517) backend_b: DAP type=1 len=4 cmd=0x05 b1=00 b2=01 b3=06 rsp_len=7 r0=05 r1=01 r2=01 r3=40
I (367535) backend_b: DAP type=1 len=8 cmd=0x05 b1=00 b2=01 b3=05 rsp_len=3 r0=05 r1=01 r2=01 r3=00
I (367555) backend_b: DAP type=1 len=9 cmd=0x06 b1=00 b2=01 b3=00 rsp_len=4 r0=06 r1=01 r2=00 r3=01
I (367572) backend_b: DAP type=1 len=4 cmd=0x05 b1=00 b2=01 b3=06 rsp_len=7 r0=05 r1=01 r2=01 r3=40
I (367592) backend_b: DAP type=1 len=8 cmd=0x05 b1=00 b2=01 b3=05 rsp_len=3 r0=05 r1=01 r2=01 r3=00
I (367609) backend_b: DAP type=1 len=9 cmd=0x06 b1=00 b2=01 b3=00 rsp_len=4 r0=06 r1=01 r2=00 r3=01
I (367628) backend_b: DAP type=1 len=4 cmd=0x05 b1=00 b2=01 b3=06 rsp_len=7 r0=05 r1=01 r2=01 r3=40
I (367654) backend_b: DAP type=1 len=8 cmd=0x05 b1=00 b2=01 b3=05 rsp_len=3 r0=05 r1=01 r2=01 r3=00
I (367666) backend_b: DAP type=1 len=9 cmd=0x06 b1=00 b2=01 b3=00 rsp_len=4 r0=06 r1=01 r2=00 r3=01
I (367684) backend_b: DAP type=1 len=4 cmd=0x05 b1=00 b2=01 b3=06 rsp_len=7 r0=05 r1=01 r2=01 r3=40
I (367702) backend_b: DAP type=1 len=8 cmd=0x05 b1=00 b2=01 b3=08 rsp_len=3 r0=05 r1=01 r2=01 r3=00
I (367721) backend_b: DAP type=1 len=4 cmd=0x05 b1=00 b2=01 b3=0b rsp_len=7 r0=05 r1=01 r2=01 r3=03
I (367739) backend_b: DAP type=1 len=8 cmd=0x05 b1=00 b2=01 b3=08 rsp_len=3 r0=05 r1=01 r2=01 r3=00
I (367758) backend_b: DAP type=1 len=8 cmd=0x05 b1=00 b2=01 b3=01 rsp_len=3 r0=05 r1=01 r2=01 r3=00
I (367777) backend_b: DAP type=1 len=8 cmd=0x05 b1=00 b2=01 b3=05 rsp_len=3 r0=05 r1=01 r2=01 r3=00
I (367795) backend_b: DAP type=1 len=5 cmd=0x06 b1=00 b2=01 b3=00 rsp_len=8 r0=06 r1=01 r2=00 r3=01
I (367814) backend_b: DAP type=1 len=4 cmd=0x05 b1=00 b2=01 b3=06 rsp_len=7 r0=05 r1=01 r2=01 r3=40
I (367832) backend_b: DAP type=1 len=8 cmd=0x05 b1=00 b2=01 b3=05 rsp_len=3 r0=05 r1=01 r2=01 r3=00
I (367858) backend_b: DAP type=1 len=5 cmd=0x06 b1=00 b2=01 b3=00 rsp_len=8 r0=06 r1=01 r2=00 r3=01
I (367873) backend_b: DAP type=1 len=4 cmd=0x05 b1=00 b2=01 b3=06 rsp_len=7 r0=05 r1=01 r2=01 r3=40
I (367888) backend_b: DAP type=1 len=8 cmd=0x05 b1=00 b2=01 b3=08 rsp_len=3 r0=05 r1=01 r2=01 r3=00
I (367907) backend_b: DAP type=1 len=8 cmd=0x05 b1=00 b2=01 b3=01 rsp_len=3 r0=05 r1=01 r2=01 r3=00
I (367926) backend_b: DAP type=1 len=9 cmd=0x05 b1=00 b2=02 b3=05 rsp_len=7 r0=05 r1=02 r2=01 r3=00
I (367944) backend_b: DAP type=1 len=8 cmd=0x05 b1=00 b2=01 b3=08 rsp_len=3 r0=05 r1=01 r2=01 r3=00
I (367963) backend_b: DAP type=1 len=9 cmd=0x05 b1=00 b2=02 b3=05 rsp_len=7 r0=05 r1=02 r2=01 r3=00
I (367982) backend_b: DAP type=1 len=8 cmd=0x05 b1=00 b2=01 b3=08 rsp_len=3 r0=05 r1=01 r2=01 r3=00
I (368002) backend_b: DAP type=1 len=13 cmd=0x05 b1=00 b2=02 b3=05 rsp_len=3 r0=05 r1=02 r2=01 r3=00
I (368019) backend_b: DAP type=1 len=9 cmd=0x05 b1=00 b2=02 b3=05 rsp_len=7 r0=05 r1=02 r2=01 r3=71
I (368037) backend_b: DAP type=1 len=9 cmd=0x05 b1=00 b2=02 b3=05 rsp_len=7 r0=05 r1=02 r2=01 r3=21
I (368063) backend_b: DAP type=1 len=8 cmd=0x05 b1=00 b2=01 b3=01 rsp_len=3 r0=05 r1=01 r2=01 r3=00
I (368074) backend_b: DAP type=1 len=9 cmd=0x05 b1=00 b2=02 b3=05 rsp_len=7 r0=05 r1=02 r2=01 r3=03
I (368093) backend_b: DAP type=1 len=4 cmd=0x05 b1=00 b2=01 b3=06 rsp_len=7 r0=05 r1=01 r2=01 r3=40
I (368112) backend_b: DAP type=1 len=9 cmd=0x05 b1=00 b2=02 b3=05 rsp_len=7 r0=05 r1=02 r2=01 r3=00
I (368130) backend_b: DAP type=1 len=13 cmd=0x05 b1=00 b2=02 b3=05 rsp_len=3 r0=05 r1=02 r2=01 r3=00
I (368149) backend_b: DAP type=1 len=13 cmd=0x05 b1=00 b2=02 b3=05 rsp_len=3 r0=05 r1=02 r2=01 r3=00
I (368167) backend_b: DAP type=1 len=9 cmd=0x05 b1=00 b2=02 b3=05 rsp_len=7 r0=05 r1=02 r2=01 r3=03
I (368186) backend_b: DAP type=1 len=13 cmd=0x05 b1=00 b2=02 b3=05 rsp_len=3 r0=05 r1=02 r2=01 r3=00
I (368205) backend_b: DAP type=1 len=9 cmd=0x05 b1=00 b2=02 b3=05 rsp_len=7 r0=05 r1=02 r2=01 r3=00
I (368227) backend_b: DAP type=1 len=9 cmd=0x05 b1=00 b2=02 b3=05 rsp_len=7 r0=05 r1=02 r2=01 r3=80
I (368242) backend_b: DAP type=1 len=9 cmd=0x05 b1=00 b2=02 b3=05 rsp_len=7 r0=05 r1=02 r2=01 r3=01
I (368268) backend_b: DAP type=1 len=13 cmd=0x05 b1=00 b2=02 b3=05 rsp_len=3 r0=05 r1=02 r2=01 r3=00
I (368279) backend_b: DAP type=1 len=9 cmd=0x05 b1=00 b2=02 b3=05 rsp_len=7 r0=05 r1=02 r2=01 r3=1f
I (368298) backend_b: DAP type=1 len=13 cmd=0x05 b1=00 b2=02 b3=05 rsp_len=3 r0=05 r1=02 r2=01 r3=00
I (368318) backend_b: DAP type=1 len=13 cmd=0x05 b1=00 b2=02 b3=05 rsp_len=3 r0=05 r1=02 r2=01 r3=00
I (368335) backend_b: DAP type=1 len=9 cmd=0x05 b1=00 b2=02 b3=05 rsp_len=7 r0=05 r1=02 r2=01 r3=00
I (368354) backend_b: DAP type=1 len=13 cmd=0x05 b1=00 b2=02 b3=05 rsp_len=3 r0=05 r1=02 r2=01 r3=00
I (368372) backend_b: DAP type=1 len=9 cmd=0x05 b1=00 b2=02 b3=05 rsp_len=7 r0=05 r1=02 r2=01 r3=80
I (368391) backend_b: DAP type=1 len=13 cmd=0x05 b1=00 b2=02 b3=05 rsp_len=3 r0=05 r1=02 r2=01 r3=00
I (368409) backend_b: DAP type=1 len=13 cmd=0x05 b1=00 b2=02 b3=05 rsp_len=3 r0=05 r1=02 r2=01 r3=00
I (368428) backend_b: DAP type=1 len=9 cmd=0x05 b1=00 b2=02 b3=05 rsp_len=7 r0=05 r1=02 r2=01 r3=00
I (368447) backend_b: DAP type=1 len=13 cmd=0x05 b1=00 b2=02 b3=05 rsp_len=3 r0=05 r1=02 r2=01 r3=00
I (368473) backend_b: DAP type=1 len=9 cmd=0x05 b1=00 b2=02 b3=05 rsp_len=7 r0=05 r1=02 r2=01 r3=00
I (368484) backend_b: DAP type=1 len=13 cmd=0x05 b1=00 b2=02 b3=05 rsp_len=3 r0=05 r1=02 r2=01 r3=00
I (368503) backend_b: DAP type=1 len=13 cmd=0x05 b1=00 b2=02 b3=05 rsp_len=3 r0=05 r1=02 r2=01 r3=00
I (368521) backend_b: DAP type=1 len=9 cmd=0x05 b1=00 b2=02 b3=05 rsp_len=7 r0=05 r1=02 r2=01 r3=00
I (368540) backend_b: DAP type=1 len=13 cmd=0x05 b1=00 b2=02 b3=05 rsp_len=3 r0=05 r1=02 r2=01 r3=00
I (368558) backend_b: DAP type=1 len=9 cmd=0x05 b1=00 b2=02 b3=05 rsp_len=7 r0=05 r1=02 r2=01 r3=00
I (368577) backend_b: DAP type=1 len=13 cmd=0x05 b1=00 b2=02 b3=05 rsp_len=3 r0=05 r1=02 r2=01 r3=00
I (368596) backend_b: DAP type=1 len=13 cmd=0x05 b1=00 b2=02 b3=05 rsp_len=3 r0=05 r1=02 r2=01 r3=00
I (368614) backend_b: DAP type=1 len=9 cmd=0x05 b1=00 b2=02 b3=05 rsp_len=7 r0=05 r1=02 r2=01 r3=00
I (368652) backend_b: DAP type=1 len=13 cmd=0x05 b1=00 b2=02 b3=05 rsp_len=3 r0=05 r1=02 r2=01 r3=00
I (368662) backend_b: DAP type=1 len=9 cmd=0x05 b1=00 b2=02 b3=05 rsp_len=7 r0=05 r1=02 r2=01 r3=00
I (368683) backend_b: DAP type=1 len=13 cmd=0x05 b1=00 b2=02 b3=05 rsp_len=3 r0=05 r1=02 r2=01 r3=00
I (368699) backend_b: DAP type=1 len=13 cmd=0x05 b1=00 b2=02 b3=05 rsp_len=3 r0=05 r1=02 r2=01 r3=00
I (368718) backend_b: DAP type=1 len=13 cmd=0x05 b1=00 b2=02 b3=05 rsp_len=3 r0=05 r1=02 r2=01 r3=00
I (368737) backend_b: DAP type=1 len=13 cmd=0x05 b1=00 b2=02 b3=05 rsp_len=3 r0=05 r1=02 r2=01 r3=00
I (368759) backend_b: DAP type=1 len=13 cmd=0x05 b1=00 b2=02 b3=05 rsp_len=3 r0=05 r1=02 r2=01 r3=00
I (370718) wdap_transport: stats tx_frames=957 rx_frames=957 tx_msg=953 rx_msg=953 ack_rx=4 ack_tx=4 nack_rx=0 nack_tx=0 retries=0 timeouts=0 crc=0 dup=0 reasm=0 send_fail=0
I (380722) wdap_transport: stats tx_frames=5152 rx_frames=5152 tx_msg=5148 rx_msg=5148 ack_rx=4 ack_tx=4 nack_rx=0 nack_tx=0 retries=0 timeouts=0 crc=0 dup=0 reasm=0 send_fail=0
